[  0000000] Initiizng cro subsy cput
[  00000 Inializing cgroup subsys cpu
[   0.000000] Initiizng cou subyspuact[   000000] Linuxvesion 4.4.0-62-generic (buildd@lcy0-3 (gcvesion.40 20069 (Ubutu.4.0ubntu1164.4) )83Ubun SP We Jn 8 14:10:15 UTC 2017 (Ubuntu 4.4.0-62.83-generi 4.40)
[  0000000] Commandin: BOOT_IMAGE=/bootvmlinuz-4.4.0-62-generic root=LABEL=cloudimg-rootfs ro console=tty1 console=ttyS0
[    0.000000] KENEL supported cpus:
[    0.000000]   Intel GenuineIntel
[    0.000000]   AMD AuthenticAM
[    0.000000]   Centaur CentaurHauls
[    0.000000] ------------[ cut here ]------------
[    0.000000] WARNING: CPU: 0 PID: 0 at /build/linux-W6HB68/linux-4.4.0/arch/x86/kernel/fpu/xstate.c:517 fpu__init_system_xstate+0x38b/0x75a()
[    0.000000] XSAV consistency problem, dumping leves
[   0.00000] Modules linked in:
[    0.000000] CPU: 0 PID: 0 Comm: swapper Not tainted 4.4.0-62-generic #83-Ubuntu
[    0.000000]  0000000000000086 91f7a311a2fef190 ffffffff81e03d80 ffffffff813f7c6
   0.000000]  ffffffff81e03dc8 ffffffff81ca5ee0 ffffffff81e03db8 ffffffff810812d2
[   0.000000]  ffffffff81e03e48 ffffffff81e03e4c 0000000000000008 0000000000000100
[    0.00000] Call Trace:
[    0.000000]  [<ffffffff813f7c63>] dump_stack+0x63/0x90
[    0.000000]  [<ffffffff810812d2>] warn_slowpath_common+0x82/0xc0
[    0.000000]  [<ffffff808136c>] warn_slowpath_fmt+0x5c/0x80
[    0.000000]  [<ffffffff8107cfa0>] ? xfeature_size+0x59/0x77
[    0.000000]  [<ffffffff81f6cee4>] fpu__init_system_xstate+0x38b/0x75a
[    0.000000]  [<ffffffff81f5c120>] ? early_idt_handler_array+0x120/0x120
[    0.000000]  [<ffffffff81f6c84f>] fpu__init_system+0x10d/0x245
[    0.000000]  [<ffffffff81f6d958>] early_cpu_init+0x139/0x13e
[    0.000000]  [<ffffffff81f6d958>] ? early_cpu_init+0x139/0x13e
[    0.000000]  [<ffffffff81f68e32>] setup_arch+0xb4/0xd1e
[    0.000000]  [<ffffffff81f5120>] ? early_idt_handler_array+0x120/0x120
[    0.000000]  [<ffffffff81f5cc74>] start_kernel+0xe4/0x4a2
[   0.000000]  [<ffffffff81f5c120>] ? early_idt_handler_array+0x120/0x12
   0.000000]  [<ffffffff81f5c339>] x86_64_start_reservations+0x2a/0x2c
[    0.000000]  [<ffffffff81f5c485>] x86_64_start_kernel+0x14a/0x16d
[    0.000000] ---[ end trace 4d5ff9f2f68c4233 ]---
[    0.000000] CPUID[0d, 00]: eax=00000007 ebx=00000440 ecx=00000440 edx=00000000
[    0.0000 CPUD[, 01]: ex=00000 x=000003c0 ex=000000 ex=00000000
[    0.000000] CPUID[0d, 0]:eax=00000100 ebx=00000240 ecx=00000000 edx=00000000
[    0.000000] CPUID[0d, 03]: eax=00000000 ebx=00000000 ecx=00000000 edx=00000000
[    0.000000] CPUID[0d, 04]: eax=00000000 ebx=00000000 ecx=00000000 edx=00000000
[    0.000000] CPUID[0d,05]: eax=00000000 ebx=00000000 ecx=00000000 edx=00000000
[    0.000000] CPUID[0d, 06]: eax=00000000 ebx=00000000 ecx=00000000 edx=00000000
[    0.000000] CPUID[0d, 07]: eax=00000000 ebx=00000000 ecx=00000000 edx=00000000
[    0.000000] CPUID[0d, 08]: eax=000000 ebx=00000000 ecx=000000000 edx=000000
    .00000] CPUID[0d, 09]: eax=0000000 ebx=000000 ex=00000 edx=00000[   0.0000] CUI0d, 0a]: eax=0000000ebx=00000000 ecx=00000000 edx=00000000
[    0.00000 CUID[0d, 0b]: eax=00000000 ebx=00000000 ex=000000 edx=00000000
[    0.000000] CPUID[0d, 0c]: eax=00000000 ebx000000ec0000000 x=00000
[   0.000000] CPUID[0d, 0d]: eax=00000000 ebx=0000000 ecx000000edx=00000000
[    0.00000]CPUID[0d, e] eax=00000000 eb=000000 cx=0000000 ed=000000[    0.000000] CPUID0d 0f] e=00000000 ebx=00000000 ecx=00000000 edx=00000000
[    0.000000] CPUID[0d, 10]: eax=00000000 eb=000000 ec=00000000 edx=00000000
[    0.00000] CPUID[0d, 11]: eax=00000000 ebx=00000000 ecx=00000000 edx=00000000
[    0.000000] x86/fpu: xstate_fft[2]  6, xsat_szes[2]:  256
[    0.00000] 6/fpu: Supporting XSAVE feature 0x01: 'x87 floating point registers'
[    0.000000] x86/fpu: Supporting XSAVE feature 0x02: 'SSE registers'
[    0.000000] x86/fpu: Supporting AV feaur0x04 'X reisrs'
[    0.000] x6/u: Eabd xsatfeatre0x7,cotet si i 108byes, using 'standard' format.
[    0.000000] x86/fpu: Using 'lazy' FPU contxtwitches
[   0.0000 e82: OS-provided physical RAM map:
[    0.00000] IO-e82: em 0x000000000000x000000009fbff] usale
[   0000000] BIOS-e820: [mem 0x000000000009fc00-0x000000000009ffff] reserved
[    0.000000] BIS-20: me0x00000000f0000x00000000fffff rerved
[    .0000] BIOS-e820: em0x00000000000-0x000003feff] sale
[    0.000000] BIOS-e820: [mem 0x000000003fff0000-0x000000003fffffff] ACPI data
[    0.000000] BIOS-e820: [mem 0x00000000fec00000-0x00000000fe00ff] reserved
[    0.000000] BIOS-e820 [mem 0x00000000fee0000x00000fee0ff resrv
[    0.000000] BI-e20: me 0000000ffc000x00000fffffff]eserved
[    0.000000] NX Exute Disle proecon: active
[    00000] SIO 2.5 pesnt.[   0.000000] Hyprvso detected: KVM
[    0.0000] e820: last_pfn = 0x3fff0 max_arch_pfn = 0x400000000
[    0.000000] MTRR: Disabled
[    0.000000] x86/PAT: MTRRs disabled, skipping PAT initialization too.
[    0.000000] x86/PAT: Configuration [0-7]: WB  WT  UC- UC  WB  WT  UC- UC  
[    0.000000] CPU MTRRs all blank - virtualized system.
[    0.000000] found SMP MP-table at [mem 0x0009fff0-0x0009ffff] mapped at [ffff88000009fff0]
    0.000000] Scanning 1 areas for low memory corruption
[    0.000000] RAMDISK: [mem 0x36b5a000-0375a4fff]
[    0.000000] ACPI: Early table checksum verification disabled
[    0.000000] ACPI: RSDP 00000000000E0000 000024 (v02 VBOX  )
[    0.000000] ACPI: XSDT 0x00000003FFF0030 00003C (v1 BOX   VBOXXSDT 00000001 ASL  00000061)
[    0.000000] ACPI: FACP 0x000000003FFF00F 0004 (v04VBX  VBOXAC 0000001 ASL  00000061)
[    0.000000] ACPI: DSDT 0x000000003FFF0470 00210F (v01 VBOX   VBOXBIOS 00000002 INTL 20100528)
[    0.000000] ACPI: FACS 0x000000003FFF0200 000040
[    0.000000] ACPI: FACS 0x000000003FFF0200 000040
[    0.000000] ACPI: APIC 0x000000003FFF0240 00005C (v02 VBOX   VBOXAPIC 00000001 ASL  00000061)
[    0.000000] ACPI: SSDT 0x000000003FFF02A0 0001CC(v1 BOX   VBOXCPUT 00000002 INTL 20100528)
[    0.000000] No NUMA configuration found
[    0.000000] Faking a node at [mem 0x0000000000000000-0x000000003ffeffff]
[    0.000000] NODE_DATA(0) allocated [mem 0x3ffeb000-0x3ffeffff]
[   000000] kvm-clock: Using msrs 4b564d01 and 4b564d00
[   .000000]kvm-clck: cpu0,msr 0:ff301, priar cu clock
[    0.000000] kvm-clock: using sched offset of 3179041086 cycles
[    0.000000] clocksource: kvm-clock: mask: 0xffffffffffffff max_cycles: 0x1cd42e4dffb, max_idle_ns: 881590591483 ns
[    0.000000] Zone ranges:
[    0.0000]  DM    [mm 000000000100x0000000ffff
[  000000]  DA32    [mem 0x0000000001000000-0x000000003ffeffff]
[    0.000000]   Normal   empty
[    0.000000]   Device   emty
[  .000000] Mvae zon srt fr ch node
[  0.0000 Earlyemrynoderanges
[    0.000000]   node  0: me0x000000000100-000000009eff
    .0000]  de  0:mem x00000000000-00000003fefff][   0.000] Iitm seupode  [m 0x00000000001000-0x000000003ffeffff]
[   000000ACI: P-Ter IO Por: 4008
[  0.000] IOAPC[: apc_ 2, erio 3, dress 0xfec00000, GI 23
[   000000ACI: I_SC_OV (s 0 bus_ir0 lobair 2 dfl dfl)
[    0.000000] ACP INT_S_OR (b 0bus_q  gba_irq9 gh lve)
[  00000] sing ACPI (MDTfor MPonfigurti infrmion[   .0000]smbot: Allowing 2 CPUs, 0 hotplug CPs
[  .00000PM: Regteed nosveemory: [mem 0x00000000-0000fff
   0.000000] PM: Registered nosave memory: [mem 0x0009f000-0x0009ffff]
[    0.000000]PM Regiterd osve meor: mem 0x000a000-x00effff
   000000] PM: Registered nosave memory: [mem 0x000f0000-0x000ffff]
[    0.000000] e820: [mem 0x40000000-0xfebfffff] available for PCI devices
[    000000]Booting paravirtualized kernel on KVM
[    0.000000] clocksource: refined-jiffies: mask: 0xffffffff max_cycles:0xffffffff, max_idle_ns: 7645519600211568 ns
[    0.000000] setup_percpu: NR_CPUS:512 nr_cpumask_bits:512 nr_cpu_ids:2 nr_node_ids:1
[    0.000000] PERCPU: Embedded 33 pages/cpu @ffff88003fc00000 s98264 r8192 d28712 u1048576
[    0.000000] PV qspinock hash table enties: 256 (order: 0, 96 bytes)
[    0.000000] Built 1 zonelists in Node order, mobility groupingon.  Total pages: 257913
[    0.000000] Policy zone: DMA32
[    0.000000] Kernel command line: BOOT_IMAGE=/boot/vmlinuz-4.4.0-62-generic root=LABEL=cloudimg-rootfs ro console=tty1 console=ttyS0
[    0.000000] PID hash table entries: 4096 (order: 3, 32768 bytes)
[    0.000000] Memory: 1002040K/1048120K available (8436K kernel code, 1291K rwdata, 3960K rodata, 1488K init, 1316K bss, 46080K reserved, 0K cma-reserved)
[    0.000000] SLUB: HWalign=64, Order=0-3, MinObjects=0, CPUs=2, Nodes=1
[    0.000000] Hierarchical RCU implementation.
[    0.000000] 	Build-time adjustment of leaf fanout to 64.
[    0.0000] 	RCU restricting CPUs from NR_CPUS=512 to nr_cpu_ids=2.
[    0.000000] RCU: Adjusting geometry for rcu_fanout_leaf=64, nr_cpu_ids=2
[    0.000000] NR_IRQS:33024 nr_irqs:440 16
[    0.000000] Console: colour VGA+ 80x25
[    0.000000] cnsole [tty1] enabled
[    0.000000] console [ttyS0] enabled
[   0.000000] tsc: Detected 2399.996 MHz processor
[   12.919042] Calibrating delay loop (skipped) preset value.. 4799.99 BogoMIPS (lpj=9599984)

[   12.922199] pid_max: default: 32768 minimum: 301
[   12.924237] ACPI: Core revision 20150930
[   12.927331] ACPI: 2 ACPI AML tables successfully acquired and loaded
[   12.930215] Security Framework initialized
[   12.931938] Yama: becoming mindful.
[   12.933590] AppArmor: AppArmor initialized
[   12.938177] Dentry cache hash table entries: 131072 (order: 8, 1048576 bytes)
[   12.946096] Inode-cache hash table entries: 65536 (order: 7, 524288 bytes)
[   12.958355] Mount-cache hash table entries: 2048 (order: 2, 16384 bytes)
[   12.962402] Mountpoint-cache hash table entries: 2048 (order: 2, 16384 bytes)
[   12.966724] Initializing cgroup subsys io
[   12.968636] Initializing cgroup subsys memory
[   12.971278] Initializing cgroup subsys devices
[   12.987954] Initializing cgroup subsys freezer
[   12.995075] Initializing cgroup subsys net_cls
[   12.996850] Initializing cgroup subsys perf_event
[   13.006811] Initializing cgroup subsys net_prio
[   13.011907] Initializing cgroup subsys hugetlb
[   13.023903] Initializing cgroup subsys pids
[   13.029921] CPU: Physical Processor ID: 0
[   13.032497] CPU: Processor Core ID: 0
[   13.035765] mce: CPU supports 0 MCE banks
[   13.037353] Last level iTLB entries: 4KB 64, 2MB 8, 4MB 8
[   13.041450] Last level dTLB entries: 4KB 64, 2MB 0, 4MB 0, 1GB 4
[   13.054478] Freeing SMP alternatives memory: 32K (ffffffff820b8000 - ffffffff820c0000)
[   13.133092] ftrace: allocating 32065 entries in 126 pages
[   13.238388] smpboot: APIC(0) Converting physical 0 to logical package 0
[   13.242067] smpboot: Max logical packages: 1
[   13.244335] x2apic enabled
[   13.246009] Switched APIC routing to physical x2apic.
[   13.262470] ..TIMER: vector=0x30 apic1=0 pin1=2 apic2=-1 pin2=-1
[   13.387033] APIC calibration not consistent with PM-Timer: 112ms instead of 100ms
[   13.392546] APIC delta adjusted to PM-Timer: 6250048 (7000483)
[   13.403332] smpboot: CPU0: Intel(R) Core(TM) i5-6200U CPU @ 2.30GHz (family: 0x6, model: 0x4e, stepping: 0x3)
[   13.412204] Performance Events: unsupported p6 CPU model 78 no PMU driver, software events only.
[   13.424269] KVM setup paravirtual spinlock
[   13.438351] x86: Booting SMP configuration:
[   13.451319] .... node  #0, CPUs:      #1
[   13.454528] kvm-clock: cpu 1, msr 0:3ffe3041, secondary cpu clock
[   13.464856] mce: CPU supports 0 MCE banks
[   13.485919] x86: Booted up 1 node, 2 CPUs
[   13.492598] smpboot: Total of 2 processors activated (9599.98 BogoMIPS)
[   13.501183] devtmpfs: initialized
[   13.523870] evm: security.selinux
[   13.527030] evm: security.SMACK64
[   13.528512] evm: security.SMACK64EXEC
[   13.534964] evm: security.SMACK64TRANSMUTE
[   13.551624] evm: security.SMACK64MMAP
[   13.553409] evm: security.ima
[   13.554522] evm: security.capability
[   13.568821] clocksource: jiffies: mask: 0xffffffff max_cycles: 0xffffffff, max_idle_ns: 7645041785100000 ns
[   13.586188] pinctrl core: initialized pinctrl subsystem
[   13.590959] RTC time: 14:14:03, date: 02/15/17
[   13.611500] NET: Registered protocol family 16
[   13.632062] cpuidle: using governor ladder
[   13.652283] cpuidle: using governor menu
[   13.653743] PCCT header not found.
[   13.658713] ACPI: bus type PCI registered
[   13.668865] acpiphp: ACPI Hot Plug PCI Controller Driver version: 0.5
[   13.689941] PCI: Using configuration type 1 for base access
[   13.708738] ACPI: Added _OSI(Module Device)
[   13.710158] ACPI: Added _OSI(Processor Device)
[   13.746363] ACPI: Added _OSI(3.0 _SCP Extensions)
[   13.751451] ACPI: Added _OSI(Processor Aggregator Device)
[   13.755035] ACPI: Executed 1 blocks of module-level executable AML code
[   13.768574] ACPI: Interpreter enabled
[   13.780207] ACPI: (supports S0 S5)
[   13.796880] ACPI: Using IOAPIC for interrupt routing
[   13.798818] PCI: Using host bridge windows from ACPI; if necessary, use "pci=nocrs" and report a bug
[   13.817084] ACPI: PCI Root Bridge [PCI0] (domain 0000 [bus 00-ff])
[   13.829386] acpi PNP0A03:00: _OSC: OS supports [ASPM ClockPM Segments MSI]
[   13.850170] acpi PNP0A03:00: _OSC failed (AE_NOT_FOUND); disabling ASPM
[   13.868817] acpi PNP0A03:00: fail to add MMCONFIG information, can't access extended PCI configuration space under this bridge.
[   13.890619] PCI host bridge to bus 0000:00
[   13.894606] pci_bus 0000:00: root bus resource [io  0x0000-0x0cf7 window]
[   13.896098] pci_bus 0000:00: root bus resource [io  0x0d00-0xffff window]
[   13.903526] pci_bus 0000:00: root bus resource [mem 0x000a0000-0x000bffff window]
[   13.909543] pci_bus 0000:00: root bus resource [mem 0x40000000-0xffdfffff window]
[   13.918653] pci_bus 0000:00: root bus resource [bus 00-ff]
[   13.922671] pci 0000:00:01.1: legacy IDE quirk: reg 0x10: [io  0x01f0-0x01f7]
[   13.944472] pci 0000:00:01.1: legacy IDE quirk: reg 0x14: [io  0x03f6]
[   13.959853] pci 0000:00:01.1: legacy IDE quirk: reg 0x18: [io  0x0170-0x0177]
[   13.971740] pci 0000:00:01.1: legacy IDE quirk: reg 0x1c: [io  0x0376]
[   14.019416] ACPI: PCI Interrupt Link [LNKA] (IRQs 5 9 10 *11)
[   14.066001] ACPI: PCI Interrupt Link [LNKB] (IRQs 5 9 10 *11)
[   14.073140] ACPI: PCI Interrupt Link [LNKC] (IRQs 5 9 *10 11)
[   14.083915] ACPI: PCI Interrupt Link [LNKD] (IRQs 5 *9 10 11)
[   14.086019] ACPI: Enabled 2 GPEs in block 00 to 07
[   14.096125] vgaarb: setting as boot device: PCI:0000:00:02.0
[   14.097866] vgaarb: device added: PCI:0000:00:02.0,decodes=io+mem,owns=io+mem,locks=none
[   14.115338] vgaarb: loaded
[   14.119021] vgaarb: bridge control possible 0000:00:02.0
[   14.124782] SCSI subsystem initialized
[   14.136678] ACPI: bus type USB registered
[   14.139437] usbcore: registered new interface driver usbfs
[   14.150957] usbcore: registered new interface driver hub
[   14.159802] usbcore: registered new device driver usb
[   14.169541] PCI: Using ACPI for IRQ routing
[   14.192930] NetLabel: Initializing
[   14.194009] NetLabel:  domain hash size = 128
[   14.198886] NetLabel:  protocols = UNLABELED CIPSOv4
[   14.229466] NetLabel:  unlabeled traffic allowed by default
[   14.257130] amd_nb: Cannot enumerate AMD northbridges
[   14.260122] clocksource: Switched to clocksource kvm-clock
[ 148671] AppArmor: AppArmor Filesystem Enabled
[  1.462945] pnp: PnP ACPI init
[   14.539113] pnp: PnP ACPI: found 3 devices

[   14.55440] clocksource: acpi_pmmask 0fffff max_cycles: 0xffffff, max_idle_ns: 2085701024 ns
[  14.769204] NET:Registered protocol famy 2

[   14.968369] TCP established hash table entries: 8192 (order: 4, 65536 bytes)
[   14.970564] TCP bind hash table entries: 8192 (order: 5, 131072 bytes)
[   14.971887] TCP: Hash tables configured (established81 bind 8192)
[  1.0809] UDP hash table entries: 512 (order: 2, 1684bytes)
[   15.288710] UDP-Lite hash tablenties: 512 (order: 2, 16384 bytes)[   15.479025] NET: Registered protocol family 1
[   15.511175] pci 000:00:00.0: Limiting direct PCI/PCI transfers
[  15.544220pci 0000:0:01.0: Activating ISA DMA hang workarounds
[ 15693176] Tryi tunpack roos mage as initramfs...
[   19.205865] Freeing initrd memory: 10540K (ffff880036b5a000 - ffff8800375a5000)
[   19.224998] platform rtc_cmos: registered platform RTC device (no PNP device found)
[   19.249503] Scanning for low memory corruption every 60 seconds
[   19.273620] futex hash table entries: 512 (order: 3, 32768 bytes)
[   19.274929] audit: initializing netlink subsys (disabled)
[   19.276036] audit: type=2000 audit(1487168040.349:1): initialized
[   19.277605] Initialise system trusted keyring
[   19.292718] HugeTLB registered 2 MB page size, pre-allocated 0 pages
[   19.354392] zbud: loaded
[   19.3774]FSDik uoasdqt_6.
   19.812541] VFS: Dquot-cache hash table entrie: 2 rd 040 bes
[  22458 t: efed TSC clocksource calibration: 2398.844 MHz

[   20.560659] clocksource: tsc: mask: 0xffffffffffffffff max_cycles: 0x2293f3849d2, max_idle_ns: 440795234025 ns
[   0.6162 squashfs: versio 4.0(2009/01/31) Phillip Lougher

[   20.561385] fuse init (API version 7.23)
[   20.561549] Key type big_key registered
[   20.561573] Allocating IMA MOK and blacklist keyrings.
[   20.561858] Key type asymmetric registered
[   20.561861] Asymmetric key parser 'x509' registered
[   20.561927] Block layer SCSI generic (bsg) driver version 0.4 loaded (major 249)
[   20.561967] io scheduler noop registered
[   20.561970] io scheduler deadline registered (default)
[   20.562021] io scheduler cfq registered
[   20.562159] pci_hotplug: PCI Hot Plug PCI Core version: 0.5
[   20.562165] pciehp: PCI Express Hot Plug Controller Driver version: 0.4
[   20.562379] ACPI: AC Adapter [AC] (on-line)
[   20.562460] input: Power Button as /devices/LNXSYSTM:00/LNXPWRBN:00/input/input0
[   20.562463] ACPI: Power Button [PWRF]
[   20.562546] input: Sleep Button as /devices/LNXSYSTM:00/LNXSLPBN:00/input/input1
[   20.562548] ACPI: Sleep Button [SLPF]
[   20.562719] GHES: HEST is not enabled!
[   20.563687] ACPI: Battery Slot [BAT0] (battery present)
[   20.563755] Serial: 8250/16550 driver, 32 ports, IRQ sharing enabled
[   20.590424] 00:02: ttyS0 at I/O 0x3f8 (irq = 4, base_baud = 115200) is a 16550A
[   20.811871] Linux agpgart interface v0.103
[   20.816292] brd: module loaded
[   20.817396] loop: module loaded
[   20.818081] scsi host0: ata_piix
[   20.818176] scsi host1: ata_piix
[   20.818218] ata1: PATA max UDMA/33 cmd 0x1f0 ctl 0x3f6 bmdma 0xd000 irq 14
[   20.818219] ata2: PATA max UDMA/33 cmd 0x170 ctl 0x376 bmdma 0xd008 irq 15
[   20.818318] libphy: Fixed MDIO Bus: probed
[   20.818321] tun: Universal TUN/TAP device driver, 1.6
[   20.818322] tun: (C) 1999-2004 Max Krasnyansky <maxk@qualcomm.com>
[   20.818714] PPP generic driver version 2.4.2
[   20.818782] ehci_hcd: USB 2.0 'Enhanced' Host Controller (EHCI) Driver
[   20.818787] ehci-pci: EHCI PCI platform driver
[   20.818797] ehci-platform: EHCI generic platform driver
[   20.818807] ohci_hcd: USB 1.1 'Open' Host Controller (OHCI) Driver
[   20.818811] ohci-pci: OHCI PCI platform driver
[   20.818822] ohci-platform: OHCI generic platform driver
[   20.818834] uhci_hcd: USB Universal Host Controller Interface driver
[   20.818899] i8042: PNP: PS/2 Controller [PNP0303:PS2K,PNP0f03:PS2M] at 0x60,0x64 irq 1,12
[   20.820422] serio: i8042 KBD port at 0x60,0x64 irq 1
[   20.820427] serio: i8042 AUX port at 0x60,0x64 irq 12
[   20.820586] mousedev: PS/2 mouse device common for all mice
[   20.820987] rtc_cmos rtc_cmos: rtc core: registered rtc_cmos as rtc0
[   20.821064] rtc_cmos rtc_cmos: alarms up to one day, 114 bytes nvram
[   20.821075] i2c /dev entries driver
[   20.821207] device-mapper: uevent: version 1.0.3
[   20.821283] device-mapper: ioctl: 4.34.0-ioctl (2015-10-28) initialised: dm-devel@redhat.com
[   20.821301] ledtrig-cpu: registered to indicate activity on CPUs
[   20.821649] NET: Registered protocol family 10
[   20.821954] NET: Registered protocol family 17
[   20.821966] Key type dns_resolver registered
[   20.823172] microcode: CPU0 sig=0x406e3, pf=0x2, revision=0x0
[   20.823182] microcode: CPU1 sig=0x406e3, pf=0x2, revision=0x0
[   20.823255] microcode: Microcode Update Driver: v2.01 <tigran@aivazian.fsnet.co.uk>, Peter Oruba
[   20.823403] registered taskstats version 1
[   20.823428] Loading compiled-in X.509 certificates
[   20.824352] Loaded X.509 cert 'Build time autogenerated kernel key: a630254739635d6fdc487c9f0afa5d9a0ff04f04'
[   20.824385] zswap: loaded using pool lzo/zbud
[   20.826319] Key type trusted registered
[   20.830334] Key type encrypted registered
[   20.830342] AppArmor: AppArmor sha1 policy hashing enabled
[   20.830346] ima: No TPM chip found, activating TPM-bypass!
[   20.830370] evm: HMAC attrs: 0x1
[   20.831172]   Magic number: 5:753:232
[   20.838046] rtc_cmos rtc_cmos: setting system clock to 2017-02-15 14:14:11 UTC (1487168051)
[   20.838201] BIOS EDD facility v0.16 2004-Jun-25, 0 devices found
[   20.838202] EDD information not available.
[   20.839847] input: AT Translated Set 2 keyboard as /devices/platform/i8042/serio0/input/input2
[   21.140500] Freeing unused kernel memory: 1488K (ffffffff81f44000 - ffffffff820b8000)
[   21.148397] Write protecting the kernel read-only data: 14336k
[   21.151552] Freeing unused kernel memory: 1792K (ffff880001840000 - ffff880001a00000)
[   21.159854] Freeing unused kernel memory: 136K (ffff880001dde000 - ffff880001e00000)
Loading, please wait...
starting version[   21.179783] random: systemd-udevd: uninitialized urandom read (16 bytes read, 5 bits of entropy available)
 229
[   21.180432] random: udevadm: uninitialized urandom read (16 bytes read, 5 bits of entropy available)
[   21.180473] random: udevadm: uninitialized urandom read (16 bytes read, 5 bits of entropy available)
[   21.180638] random: udevadm: uninitialized urandom read (16 bytes read, 5 bits of entropy available)
[   21.180689] random: udevadm: uninitialized urandom read (16 bytes read, 5 bits of entropy available)
[   21.180735] random: udevadm: uninitialized urandom read (16 bytes read, 5 bits of entropy available)
[   21.180781] random: udevadm: uninitialized urandom read (16 bytes read, 5 bits of entropy available)
[   21.180827] random: udevadm: uninitialized urandom read (16 bytes read, 5 bits of entropy available)
[   21.180870] random: udevadm: uninitialized urandom read (16 bytes read, 5 bits of entropy available)
[   21.180915] random: udevadm: uninitialized urandom read (16 bytes read, 5 bits of entropy available)
[   21.289817] e1000: Intel(R) PRO/1000 Network Driver - version 7.3.21-k8-NAPI
[   21.301532] e1000: Copyright (c) 1999-2006 Intel Corporation.
[   21.317438] Fusion MPT base driver 3.04.20
[   21.324737] Copyright (c) 1999-2008 LSI Corporation
[   21.339515] Fusion MPT SPI Host driver 3.04.20
[   21.379515] AVX version of gcm_enc/dec engaged.
[   21.384106] AES CTR mode by8 optimization enabled
[   21.536142] input: ImExPS/2 Generic Explorer Mouse as /devices/platform/i8042/serio1/input/input4
[   21.748367] e1000 0000:00:03.0 eth0: (PCI:33MHz:32-bit) 02:e4:5b:1a:6e:ce
[   21.768310] e1000 0000:00:03.0 eth0: Intel(R) PRO/1000 Network Connection
[   22.156636] e1000 0000:00:08.0 eth1: (PCI:33MHz:32-bit) 08:00:27:a2:24:d4
[   22.158291] e1000 0000:00:08.0 eth1: Intel(R) PRO/1000 Network Connection
[   22.171552] e1000 0000:00:08.0 enp0s8: renamed from eth1
[   22.180770] mptbase: ioc0: Initiating bringup
[   22.196698] e1000 0000:00:03.0 enp0s3: renamed from eth0
[   22.264712] ioc0: LSI53C1030 A0: Capabilities={Initiator}
[   22.430678] scsi host2: ioc0: LSI53C1030 A0, FwRev=00000000h, Ports=1, MaxQ=256, IRQ=20
[   22.588193] scsi 2:0:0:0: Direct-Access     VBOX     HARDDISK         1.0  PQ: 0 ANSI: 5
[   22.597540] scsi target2:0:0: Beginning Domain Validation
[   22.600580] scsi target2:0:0: Domain Validation skipping write tests
[   22.608206] scsi target2:0:0: Ending Domain Validation
[   22.611499] scsi target2:0:0: asynchronous
[   22.616307] scsi 2:0:1:0: Direct-Access     VBOX     HARDDISK         1.0  PQ: 0 ANSI: 5
[   22.618696] scsi target2:0:1: Beginning Domain Validation
[   22.625353] scsi target2:0:1: Domain Validation skipping write tests
[   22.642442] scsi target2:0:1: Ending Domain Validation
[   22.644064] scsi target2:0:1: asynchronous
[   22.656180] sd 2:0:0:0: [sda] 20971520 512-byte logical blocks: (10.7 GB/10.0 GiB)
[   22.667940] sd 2:0:0:0: Attached scsi generic sg0 type 0
[   22.672370] sd 2:0:1:0: [sdb] 20480 512-byte logical blocks: (10.5 MB/10.0 MiB)
[   22.672390] sd 2:0:0:0: [sda] Write Protect is off
[   22.672487] sd 2:0:0:0: [sda] Incomplete mode parameter data
[   22.672488] sd 2:0:0:0: [sda] Assuming drive cache: write through
[   22.680645] sd 2:0:1:0: Attached scsi generic sg1 type 0
[   22.682666]  sda: sda1
[   22.685374] sd 2:0:0:0: [sda] Attached SCSI disk
[   22.836493] sd 2:0:1:0: [sdb] Write Protect is off
[   22.895511] sd 2:0:1:0: [sdb] Incomplete mode parameter data
[   22.940137] sd 2:0:1:0: [sdb] Assuming drive cache: write through
[   22.990738] sd 2:0:1:0: [sdb] Attached SCSI disk
[   24.356445] floppy0: no floppy controllers found
[   53.508323] mptscsih: ioc0: attempting task abort! (sc=ffff88003e3b5500)
[   53.574308] sd 2:0:1:0: [sdb] tag#1 CDB: Read(10) 28 00 00 00 02 00 00 00 08 00
[   53.756372] mptscsih: ioc0: task abort: FAILED (rv=2003) (sc=ffff88003e3b5500)
[   53.788032] mptscsih: ioc0: attempting target reset! (sc=ffff88003e3b5500)
[   53.789852] sd 2:0:1:0: [sdb] tag#1 CDB: Read(10) 28 00 00 00 02 00 00 00 08 00
[   54.050661] mptscsih: ioc0: target reset: SUCCESS (sc=ffff88003e3b5500)
Begin: Loading e[   55.555212] md: linear personality registered for level -1
ssential drivers ... [   55.624964] md: multipath personality registered for level -4
[   55.644812] md: raid0 personality registered for level 0
[   55.665659] md: raid1 personality registered for level 1
[   55.800495] raid6: sse2x1   gen()  6683 MB/s
[   55.880225] raid6: sse2x1   xor()  4284 MB/s
[   55.956441] raid6: sse2x2   gen()  8119 MB/s
[   56.032420] raid6: sse2x2   xor()  4999 MB/s
[   56.108396] raid6: sse2x4   gen()  8253 MB/s
[   56.228654] raid6: sse2x4   xor()  5945 MB/s
[   56.239622] raid6: using algorithm sse2x4 gen() 8253 MB/s
[   56.290172] raid6: .... xor() 5945 MB/s, rmw enabled
[   56.302446] raid6: using ssse3x2 recovery algorithm
[   56.313323] xor: automatically using best checksumming function:
[   56.368559]    avx       : 14497.000 MB/sec
[   56.392245] async_tx: api initialized (async)
[   56.446546] md: raid6 personality registered for level 6
[   56.481073] md: raid5 personality registered for level 5
[   56.483646] md: raid4 personality registered for level 4
[   56.490996] md: raid10 personality registered for level 10
done.
Begin: Running /scripts/init-premount ... done.
Begin: Mounting root file system ... Begin: Running /scripts/local-top ... done.
Begin: Running /scripts/local-premount [   56.580417] Btrfs loaded
... Scanning for Btrfs filesystems
done.
Warning: fsck no[   56.664376] EXT4-fs (sda1): mounted filesystem with ordered data mode. Opts: (null)
t present, so skipping root file system
done.
Begin: Running /scripts/local-bottom ... done.
Begin: Running /scripts/init-bottom ... done.
[   56.78049] systemd[1]: systemd 229 running in system mode. (+PAM +AUDIT +SELINUX +IMA +APPARMOR +SMCK+SYSVINIT +UTMP +LIBCRYPTSETUP +GCRYPT +GNUTLS +ACL +XZ -LZ4 +SECCOMP +BLKID +ELFUTILS +KMOD DN

[   56.969802] systemd[1]: Detected virtualization oracle.
[   56.971724] systemd[1]: Detected architecture x86-64.

Welcome to [1mUbuntu 16.04.2 LTS[0m!

[  57.156039] systemd[1]: Set hostname to <ubuntu-xenial>.

[   87.499642] mptscsih: ioc0: attempting task abort! (sc=ffff88003e39f380)
[   87.531305] sd 2:0:0:0: [sda] tag#0 CDB: Read(10) 28 00 00 07 33 c0 00 00 08 00
[   87.684372] mptscsih: ioc0: task abort: FAILED (rv=2003) (sc=ffff88003e39f380)
[ 87718911] mptscsih: ioc0: attempting target es! c=ff003e9f80)[ 88666]sd:0:0:0: [sda t#0DBRe(1)  00 00 07 33 c000 00 8 00

[ 89212523 mpscih ic0: rg reset: SUCCESS (sc=ffff88003e9f380)

[   89.864277] random: nonblocking pool is initialized
[   89.962557] systemd[1]: Listening on /dev/initctl Compatibility Named Pipe.
[[0;32m  OK  [0m] Listening on /dev/initctl Compatibility Named Pipe.
[   90.009760] systemd[1]: Listening on Syslog Socket.
[[0;32m  OK  [0m] Listening on Syslog Socket.
[  9.025362] systemd[1]: Created slice System Slice.

[[0;32m  OK  [0m] Created slice System Slice.
[   90.093365] systemd[1]: Created slice system-serial\x2dgetty.slice.
[[0;32m  OK  [0m] Created slice system-serial\x2dgetty.slice.
[   90.108704] systemd[1]: Listening on Journal Socket.
[[0;32m  OK  [0m] Listening on Journal Socket.
[   90.157019] systemd[1]: Mounting Debug File System...
         Mounting Debug File System...
[   90.208237] systemd[1]: Mounting Huge Pages File System...
         Mounting Huge Pages File System...
[   90.231071] systemd[1]: Starting Load Kernel Modules...
         Starting Load Kernel Modules...
[   90.258569] systemd[1]: Listening on LVM2 poll daemon socket.
[   90.304267] Loading iSCSI transport class v2.0-870.
[[0;32m  OK  [0[   90.315231] iscsi: registered transport (tcp)
m] Listening on LVM2 poll daemon socket.
[   90.352536] systemd[1]: Reached target Swap.
[[0;32m  OK  [0m] Reached target Swap.
[   90.356113] systemd[1]: Set up automount Arbitrary Executable File Formats File System Automount Point.
[[0;32m  OK  [0[   90.374968] iscsi: registered transport (iser)
m] Set up automount Arbitrary Executab...ats File System Automount Point.
[   90.412503] systemd[1]: Starting Nameserver information manager...
         Starting Nameserver information manager...
[   90.432846] systemd[1]: Listening on Journal Socket (/dev/log).
[[0;32m  OK  [0m] Listening on Journal Socket (/dev/log).
[   90.446781] systemd[1]: Listening on udev Control Socket.
[[0;32m  OK  [0m] Listening on udev Control Socket.
[   90.456888] systemd[1]: Started Forward Password Requests to Wall Directory Watch.
[[0;32m  OK  [0m] Started Forward Password Requests to Wall Directory Watch.
[   90.490203] systemd[1]: Listening on udev Kernel Socket.
[[0;32m  OK  [0m] Listening on udev Kernel Socket.
[   90.504716] systemd[1]: Starting Uncomplicated firewall...
         Starting Uncomplicated firewall...
[   90.542960] systemd[1]: Listening on Journal Audit Socket.
[[0;32m  OK  [0m] Listening on Journal Audit Socket.
[   90.600670] systemd[1]: Starting Journal Service...
         Starting Journal Service...
[   90.673319] systemd[1]: Listening on LVM2 metadata daemon socket.
[[0;32m  OK  [0m] Listening on LVM2 metadata daemon socket.
[   90.736443] systemd[1]: Starting Set console keymap...
         Starting Set console keymap...
[   90.801432] systemd[1]: Starting Create list of required static device nodes for the current kernel...
         Starting Create list of required st... nodes for the current kernel...
[   90.841470] systemd[1]: Mounting POSIX Message Queue File System...
         Mounting POSIX Message Queue File System...
[   90.857562] systemd[1]: Starting Remount Root and Kernel File Systems...
         Startin[   90.874723] EXT4-fs (sda1): re-mounted. Opts: (null)
g Remount Root and Kernel File Systems...
[   90.909588] systemd[1]: Reached target Encrypted Volumes.
[[0;32m  OK  [0m] Reached target Encrypted Volumes.
[   90.996394] systemd[1]: Reached target User and Group Name Lookups.
[[0;32m  OK  [0m] Reached target User and Group Name Lookups.
[   91.082483] systemd[1]: Listening on Device-mapper event daemon FIFOs.
[[0;32m  OK  [0m] Listening on Device-mapper event daemon FIFOs.
[   91.140416] systemd[1]: Starting Monitoring of LVM2 mirrors, snapshots etc. using dmeventd or progress polling...
         Starting Monitoring of LVM2 mirrors... dmeventd or progress polling...
[   91.241298] systemd[1]: Created slice User and Session Slice.
[[0;32m  OK  [0m] Created slice User and Session Slice.
[   91.320485] systemd[1]: Reached target Slices.
[[0;32m  OK  [0m] Reached target Slices.
[   91.377117] systemd[1]: Mounted POSIX Message Queue File System.
[[0;32m  OK  [0m] Mounted POSIX Message Queue File System.
[   91.476913] systemd[1]: Mounted Debug File System.
[[0;32m  OK  [0m] Mounted Debug File System.
[   91.528829] systemd[1]: Mounted Huge Pages File System.
[[0;32m  OK  [0m] Mounted Huge Pages File System.
[   91.584881] systemd[1]: Started Journal Service.
[[0;32m  OK  [0m] Started Journal Service.
[[0;32m  OK  [0m] Started Load Kernel Modules.
[[0;32m  OK  [0m] Started Uncomplicated firewall.
[[0;32m  OK  [0m] Started Set console keymap.
[[0;32m  OK  [0m] Started Create list of required sta...ce nodes for the current kernel.
[[0;32m  OK  [0m] Started Remount Root and Kernel File Systems.
[[0;32m  OK  [0m] Started Nameserver information manager.
[[0;32m  OK  [0m] Started LVM2 metadata daemon.
         Starting udev Coldplug all Devices...
         Starting Initial cloud-init job (pre-networking)...
         Starting Load/Save Random Seed...
         Starting Create Static Device Nodes in /dev...
         Starting Apply Kernel Variables...
         Mounting FUSE Control File System...
         Starting Flush Journal to Persistent Storage...
[[0;32m  OK  [0m] Mounted FUSE Control File System.
[[0;32m  OK  [0m] Started Load/Save Random Seed.
[[0;32m  OK  [0m] Started Create Static Device Nodes in /dev.
[[0;32m  OK  [0m] Started Apply Kernel Variables.
[[0;32m  OK  [0m] Started udev Coldplug all Devices.
[[0;32m  OK  [0m] Started Flush Journal to Persistent Storage.
         Starting udev Kernel Device Manager...
[[0;32m  OK  [0m] Started udev Kernel Device Manager.
[[0;32m  OK  [0m] Started Dispatch Password Requests to Console Directory Watch.
[[0;32m  OK  [0m] Started Monitoring of LVM2 mirrors,...ng dmeventd or progress polling.
[[0;32m  OK  [0m] Reached target Local File Systems (Pre).
[[0;32m  OK  [0m] Reached target Local File Systems.
         Starting Set console font and keymap...
         Starting Create Volatile Files and Directories...
         Starting Tell Plymouth To Write Out Runtime Data...
         Starting LSB: AppArmor initialization...
[[0;32m  OK  [0m] Started Create Volatile Files and Directories.
[[0;32m  OK  [0m] Started Tell Plymouth To Write Out Runtime Data.
[[0;32m  OK  [0m] Reached target System Time Synchronized.
         Starting Update UTMP about System Boot/Shutdown...
[[0;32m  OK  [0m] Started LSB: AppArmor initialization.
[[0;32m  OK  [0m] Found device /dev/ttyS0.
[[0;32m  OK  [0m] Started Update UTMP about System Boot/Shutdown.
[[0;32m  OK  [0m] Found device 82540EM Gigabit Ethern...r (PRO/1000 MT Desktop Adapter).
[[0;32m  OK  [0m] Found device 82540EM Gigabit Ethern...r (PRO/1000 MT Desktop Adapter).
[[0;32m  OK  [0m] Started Set console font and keymap.
[[0;32m  OK  [0m] Listening on Load/Save RF Kill Switch Status /dev/rfkill Watch.
[[0;32m  OK  [0m] Created slice system-getty.slice.
[  111.527122] cloud-init[478]: Cloud-init v. 0.7.8 running 'init-local' at Wed, 15 Feb 2017 14:15:55 +0000. Up 111.15 seconds.
[[0;32m  OK  [0m] Started Initial cloud-init job (pre-networking).
[[0;32m  OK  [0m] Reached target Network (Pre).
         Starting Raise network interfaces...
[[0;32m  OK  [0m] Started ifup for enp0s3.
[[0;32m  OK  [0m] Started ifup for enp0s8.
[[0;32m  OK  [0m] Started Raise network interfaces.
[[0;32m  OK  [0m] Reached target Network.
         Starting Initial cloud-init job (metadata service crawler)...
[  112.518101] cloud-init[1162]: Cloud-init v. 0.7.8 running 'init' at Wed, 15 Feb 2017 14:15:56 +0000. Up 112.17 seconds.
[  112.529280] cloud-init[1162]: ci-info: ++++++++++++++++++++++++++++++++++++++Net device info++++++++++++++++++++++++++++++++++++++
[  112.542585] cloud-init[1162]: ci-info: +--------+------+-----------------------------+---------------+-------+-------------------+
[  112.556338] cloud-init[1162]: ci-info: | Device |  Up  |           Address           |      Mask     | Scope |     Hw-Address    |
[  112.566240] cloud-init[1162]: ci-info: +--------+------+-----------------------------+---------------+-------+-------------------+
[  112.574224] cloud-init[1162]: ci-info: | enp0s8 | True |        192.168.33.10        | 255.255.255.0 |   .   | 08:00:27:a2:24:d4 |
[  112.592587] cloud-init[1162]: ci-info: | enp0s8 | True | fe80::a00:27ff:fea2:24d4/64 |       .       |  link | 08:00:27:a2:24:d4 |
[  112.608559] cloud-init[1162]: ci-info: | enp0s3 | True |          10.0.2.15          | 255.255.255.0 |   .   | 02:e4:5b:1a:6e:ce |
[  112.608803] cloud-init[1162]: ci-info: | enp0s3 | True |  fe80::e4:5bff:fe1a:6ece/64 |       .       |  link | 02:e4:5b:1a:6e:ce |
[[0;32m  OK  [0m] Started Initial cloud-init job (metadata service crawler).
[  112.608953] cloud-init[1162]: ci-info: |   lo   | True |          127.0.0.1          |   255.0.0.0   |   .   |         .         |
[  112.853846] cloud-init[1162]: ci-info: |   lo   | True |           ::1/128           |       .       |  host |         .         |
[  112.855881] cloud-init[1162]: ci-info: +--------+------+-----------------------------+---------------+-------+-------------------+
[  112.856862] cloud-init[1162]: ci-info: ++++++++++++++++++++++++++++Route IPv4 info++++++++++++++++++++++++++++
[  112.857364] cloud-init[1162]: ci-info: +-------+--------------+----------+---------------+-----------+-------+
[  112.857929] cloud-init[1162]: ci-info: | Route | Destination  | Gateway  |    Genmask    | Interface | Flags |
[  112.858657] cloud-init[1162]: ci-info: +-------+--------------+----------+---------------+-----------+-------+
[  112.859206] cloud-init[1162]: ci-info: |   0   |   0.0.0.0    | 10.0.2.2 |    0.0.0.0    |   enp0s3  |   UG  |
[[0;32m  OK  [0m] Reached target Network is Online.
[  112.860002] cloud-init[1162]: ci-info: |   1   |   10.0.2.0   | 0.0.0.0  | 255.255.255.0 |   enp0s3  |   U   |
[  113.424229] cloud-init[1162]: ci-info: |   2   | 192.168.33.0 | 0.0.0.0  | 255.255.255.0 |   enp0s8  |   U   |
[  113.424552] cloud-init[1162]: ci-info: +-------+--------------+----------+---------------+-----------+-------+
         Starting iSCSI initiator daemon (iscsid)...
[[0;32m  OK  [0m] Reached target System Initialization.
         Starting LXD - unix socket.
         Starting Socket activation for snappy daemon.
[[0;32m  OK  [0m] Listening on ACPID Listen Socket.
[[0;32m  OK  [0m] Started Daily apt activities.
[[0;32m  OK  [0m] Started ACPI Events Check.
[[0;32m  OK  [0m] Started Daily Cleanup of Temporary Directories.
[[0;32m  OK  [0m] Started Timer to automatically refresh installed snaps.
[[0;32m  OK  [0m] Reached target Timers.
[[0;32m  OK  [0m] Listening on UUID daemon activation socket.
[[0;32m  OK  [0m] Started Trigger resolvconf update for networkd DNS.
[[0;32m  OK  [0m] Reached target Paths.
[[0;32m  OK  [0m] Listening on D-Bus System Message Bus Socket.
[[0;32m  OK  [0m] Reached target Cloud-config availability.
[[0;32m  OK  [0m] Listening on LXD - unix socket.
[[0;32m  OK  [0m] Listening on Socket activation for snappy daemon.
[[0;32m  OK  [0m] Started iSCSI initiator daemon (iscsid).
         Starting Login to default iSCSI targets...
[[0;32m  OK  [0m] Reached target Sockets.
[[0;32m  OK  [0m] Reached target Basic System.
         Starting System Logging Service...
[[0;32m  OK  [0m] Started FUSE filesystem for LXC.
[[0;32m  OK  [0m] Started D-Bus System Message Bus.
[[0;32m  OK  [0m] Started Snappy daemon.
         Starting LSB: Record successful boot for GRUB...
[[0;32m  OK  [0m] Started ACPI event daemon.
         Starting Accounts Service...
         Starting LXD - container startup/shutdown...
         Starting Auto import assertions from block devices...
[[0;32m  OK  [0m] Started Deferred execution scheduler.
         Starting Login Service...
         Starting OpenBSD Secure Shell server...
         Starting LSB: MD monitoring daemon...
[[0;32m  OK  [0m] Started Regular background program processing daemon.
         Starting Apply the settings specified in cloud-config...
         Starting /etc/rc.local Compatibility...
[[0;32m  OK  [0m] Started System Logging Service.
[[0;32m  OK  [0m] Started OpenBSD Secure Shell server.
[[0;32m  OK  [0m] Started LXD - container startup/shutdown.
[[0;32m  OK  [0m] Started Auto import assertions from block devices.
[[0;32m  OK  [0m] Started /etc/rc.local Compatibility.
[[0;32m  OK  [0m] Started Login to default iSCSI targets.
[[0;32m  OK  [0m] Started LSB: Record successful boot for GRUB.
[[0;32m  OK  [0m] Started LSB: MD monitoring daemon.
         Starting Authenticate and Authorize Users to Run Privileged Tasks...
[[0;32m  OK  [0m] Reached target Remote File Systems (Pre).
[[0;32m  OK  [0m] Reached target Remote File Systems.
         Starting LSB: VirtualBox Linux Additions...
         Starting LSB: Start Tomcat....
         Starting LSB: Apache2 web server...
         Starting Permit User Sessions...
         Starting LSB: automatic crash report generation...
         Starting LSB: Set the CPU Frequency Scaling governor to "ondemand"...
         Starting LSB: daemon to balance interrupts for SMP systems...
[[0;32m  OK  [0m] Started Permit User Sessions.
[[0;32m  OK  [0m] Started Login Service.
[[0;32m  OK  [0m] Started Authenticate and Authorize Users to Run Privileged Tasks.
[[0;32m  OK  [0m] Started Accounts Service.
         Starting Hold until boot process finishes up...
         Starting Terminate Plymouth Boot Screen...
[[0;32m  OK  [0m] Started LSB: automatic crash report generation.
[[0;32m  OK  [0m] Started LSB: Set the CPU Frequency Scaling governor to "ondemand".
[[0;32m  OK  [0m] Started Hold until boot process finishes up.
[[0;32m  OK  [0m] Started Terminate Plymouth Boot Screen.
[[0;32m  OK  [0m] Started LSB: VirtualBox Linux Additions.
         Starting Set console scheme...
[[0;32m  OK  [0m] Started Serial Getty on ttyS0.
[[0;32m  OK  [0m] Started Getty on tty1.
[[0;32m  OK  [0m] Reached target Login Prompts.
[[0;32m  OK  [0m] Started LSB: Apache2 web server.
[[0;32m  OK  [0m] Started Set console scheme.
[  115.317881] cloud-init[1280]: Cloud-init v. 0.7.8 running 'modules:config' at Wed, 15 Feb 2017 14:15:59 +0000. Up 114.96 seconds.
[[0;32m  OK  [0m] Started Apply the settings specified in cloud-config.
[[0;32m  OK  [0m] Created slice User Slice of ubuntu.
         Starting User Manager for UID 1000...
[[0;32m  OK  [0m] Started Session 1 of user ubuntu.
[[0;32m  OK  [0m] Started User Manager for UID 1000.
         Stopping User Manager for UID 1000...
[[0;32m  OK  [0m] Stopped User Manager for UID 1000.
[[0;32m  OK  [0m] Removed slice User Slice of ubuntu.
[[0;32m  OK  [0m] Started LSB: Start Tomcat..

Ubuntu 16.04.2 LTS ubuntu-xenial ttyS0

ubuntu-xenial login: [  146.599742] cloud-init[1800]: Cloud-init v. 0.7.8 running 'modules:final' at Wed, 15 Feb 2017 14:16:30 +0000. Up 146.47 seconds.
[  146.599978] cloud-init[1800]: Cloud-init v. 0.7.8 finished at Wed, 15 Feb 2017 14:16:30 +0000. Datasource DataSourceNoCloud [seed=/dev/sdb][dsmode=net].  Up 146.58 seconds
