[  000000]Initializnggrou ssys put
[  0000000] Initializing cgroup subsys cpu
[    0.000000] Initalzing cgroup subsys cpuacct
[    0.000000] Lin vrsio 44.-64-enri (buildd@lgw01-56) (gcc version 5.4.0 201069 Ubutu .40-6uun1~1604) ) #85-Ubuntu SMP Mon Feb 20 11:50:30 UTC 217Ubunu .40-6485-eneric 4.4.4)
[    0.000000] Commad ine: BOOT_IMAGE=/boot/vmlinu4..0-6-gericro=UUID=8c31361b147d-a4952b2dc59c rocoole=tty1 conlettyS
   0.0000] KRNELsuortecps:
  0.000000]   Intel GenuineInte
   0.0000]  AMAuthenicD
[    .00000]  ntaur CentaurHauls
[    0.000000] ------------[ cut here ]------------
[    0.000000] WARNING: CPU: 0 PID: 0 at /build/linux-1hW8mg/llinux-44.0/arch/x86/kernel/fpu/xstate.c:57 fpu__nitsystem_xstae+38b/x7()
  0.00000XSAVE onsteny oble, mpin lavs
[  000000]odule lked n:
[   0.000] CP 0PID: Cmm: sapr No taied 4.4.0-64-generic #85-Ubuntu
[    0.000000]  0000000000000086 e9928519fa99d398 ffffffff81e03d80 ffffffff813f8083
[    0.000000]  ffffffff81e03dc8 ffffffff8ca950 ffffffff81e03db8 ffffffff810812d2
[    0.000000]  ffffffff81e03e48 ffffffff81e03e4c 0000000000000008 0000000000000100
[    0.000000] Call Trace:
[    0.000000]  [<ffffffff813f8083>] dump_stack+0x63/0x90
[    0.000000]  [<ffffffff810812d>]warn_slowpath_common+0x82/0xc0
[    0.000000]  [<ffffffff8108136c>] warn_slowpath_fmt+0x5c/0x80
[    0.000000]  [<fffffff8107cfa0>] ? xfeature_size+0x59/0x77
[    0.000000]  [<ffffffff81f6dee4>] fpu__ini_sstm_tate+0x38b/0x75a
[    0.000000]  [<ffffffff81f5d120>] ? early_idt_handler_array+0x120/0x120
[    0.000000]  [<ffffffff81f6d84f>] fpu__init_system+0x10d/0x245
[    0.000000]  [<ffffffff81f6e958>] early_cpu_init+0x139/0x13e
[    0.000000]  [<ffffffff81f6e958>] ? early_cpu_init+0x139/0x13e
[    0.00000]  [<ffffffff81f69e32>] setup_arch+0xb4/0xd1e
[    0.000000]  [<ffffffff81f5d120>] ? early_idt_handler_array+0x120/0x120
[    0.000000]  [<ffffffff81f5dc74>] start_kernel+0xe40xa2
   0.00000]  [ffffff815d120>] ? early_idt_handler_array+0x120/0x120
[    0.000000]  [<ffffffff81f5d339>] x86_64_start_reservations+0x2a/0x2c
[    0.000000]  [<ffffffff81f5d485>] x86_64_start_kernel+0x14a/0x16d
[    0.000000] ---[ end trace 4d5ff9f2f684233 ]---
[    0.00000] CUI0d, 00: ax000000ebx=00000440 ecx=00000440 edx=00000000
[    0.000000] CPUID[0d, 01]: eax=00000000 ebx=000003c0 ecx=00000000 edx=00000000
[    0.000000] CPUID[0d, 02]: eax=00000100 ebx=00000240 ecx=00000000 edx=00000000
[    0.000000] CPUID[0d, 03]: eax=00000000 ebx=00000000 ecx=00000000 edx=00000000
[    0.000000] CPUID[0d, 04]: eax=00000000 ebx=00000000 ecx=00000000 edx=00000000
[    0.000000] CPUID[0d, 05]: eax=00000000 ebx=00000000 ecx=00000000ed=000000
[   00000] CPID[0d 0: ea00000000 ex=00000000 ecx=00000000 edx=00000000
[    0.000000] CPUID[0d, 07]: eax=00000000 ebx=00000000 ecx=00000000 edx=00000000
[    0.000000] CPUID[0d, 08]: eax=00000000 ebx=00000000 ecx=00000000 edx=00000000
[    0.000000] CPUID[0d, 09]: eax=00000000 ebx=00000000ec=00000000 edx=00000000
[    0.000000] CPUID[0d, 0a]: eax=00000000 ebx=00000000 ecx=00000000 edx=00000000
[    0.000000] CPUID[0d, 0b]: eax=00000000 ebx=00000000 ecx=00000000 edx=00000000
[    0.0000] CPUID[0d, 0c]: eax=00000000 ebx=00000000 cx=0000000 edx=00000000
[    0.000000] CPUID[0d, 0d]: eax=00000000 ebx=00000000 ecx=00000000 edx=00000000
[    0.000000] CPUID[0d, 0e]: eax=00000000 ebx=00000000 ecx=00000000 edx=00000000
[    0.000000] CPUID[0d, 0f]: eax=00000000 ebx=00000000 ecx=00000000 edx=00000000
[    0.000000] CPUID[0d, 10]: eax=00000000 ebx=00000000 ecx=00000000 edx=00000000
[    0.000000] CPUID[0d, 11]: eax=00000000 ebx=00000000 ecx=00000000 edx=00000000
[    0.000000] x86/fpu: xstate_offset[2]:  576, xstate_sizes[2]:  256
[    0.000000] x86/fpu: Supporting XSAVE feature 0x01: 'x87 floating point registers'
[    0.000000] x86/fpu: Supporting XSAVE feature 0x02: 'SSE registers'
[    0.000000 x86/fpu: Supporting XSAVE feature 0x04: 'AVX registers'
[    0.000000] x86/fpu: Enabled state featurs 0x7, context size is 1088 bytes, using 'standard' format.
[    0.000000] x86/fpu: Using 'lazy' FPU context switches.
[    0.000000] e820: BIOS-provided physical RAM map:
[    0.0000000] BIOS-e820: [mem 0x0000000000000000-0x00000000000fbff] usable
[    0.000000] BIOS-e820: [mem 0x000000000009fc00-0x000000000009ffff] reserved
[    0.000000] BIOS-e820: [mem 0x00000000000f0000-0x0000000000fffff] rserved
[    0.000000] BIOS-e820: [mem 0x0000000000100000-0x000000003ffeffff] usable
[    0.000000] BIOS-e820: [me 0x000000003fff0000-0x000000003fffffff] ACPI data
[    0.000000] BIOS-e820: [mem 0x00000000fec00000-0x00000000fec00fff] reserved
[    0.000000] BIOS-e820: [mem 0x00000000fee00000-0x00000000fee00fff] reserved
[    0000000] BIOS-e820: [mem 0x00000000fffc0000-0x00000000ffffffff] reserved
[    0.000000] NX (Execute Disable) protection: active
[    0.000000] SMBIOS .5 present.
[    0.000000] Hypervisor detected: KVM
[    0.000000] e820: last_pfn = 0x3fff0 max_arch_pfn = 0x400000000
[    0.000000] MTRR: Disabled
[    0.000000 x8/PAT: MTRRs disabled, skiping PAT initializaton too
   0.0000] x86/PAT: Configuration [0-7]: WB  WT  UC- UC  B WT  UC- UC  
[    0.000000] CPU MRRall blnk -virtualized system.
[    0.000000] found SMP MP-table a [m 0x00ff0-x09ffff] apedat [ffff88000fff0
[  0.00000] Scanning 1 areas for lw memor cruption
[    0.000000] RAMDISK: [mem 0x3623a000-0x37114fff]
[    0.000000] ACPI: Early tle checksum verification disabled
[    0.000000] ACPI: RSDP 0x00000000000E0000 000024 (v02 VBOX  )
[    0.000000] ACPI: XDTx000000FFF00 0003C (v01 VBOX  BOXXSDT 00000001 ASL  00000061)
[   0000000] CP: ACP x0000003FFF0 0004 (v04 VB  VBOXAC 00000001 ASL  00000061)
[    0.000000] ACPI: DSDT 0x00000003F047 010F (v01 VBOX   VBOXBIOS 00000002 INTL 20100528)
[    0.000000] ACPI: FACS 0x000000003FFF0200 000040
[    0.000000] ACI:ACS x000000FF200 000040
[    0.000000] ACPI: APIC 0x000000003FFF0240 00005C (v02 VBOX   VBOXAPIC 00000001 ASL  00000061)
[    0.000000] ACPI: SSD 0000000003FFF020 01CCv0 VBOX   VBOXCUT0000002 NT201052)
[    0.000000] No NUMAcofiuratio fnd
[   00000]akin aode at[mm 0x000000000000-0x00000003ffeffff]
[    0.00000]NODEDAA() aloced [me 0ffeb00x3ffff]
[   0.0000] mm-clo: singms 4b564d01 and 4b564d00
[    0.000000] kvm-clock: cpu 0, msr 0:3ffe3001, primary cpu clock
[    0.000000] kvm-clock: using sched offset of 3791284823 cycles
[    0.000000] clocksource: kvm-clock: mask: 0xffffffffffffffff max_cycles: 0x1cd42e4dffb, max_idle_ns: 881590591483 ns
[    0.000000] Zone ranges:
[    0.000000]   DMA      [mem 0x0000000000001000-0x0000000000ffffff]
[    0.000000]   DMA32    [mem 0x0000000001000000-0x000000003ffeffff]
[    0.000000]   Normal   empty
[    0.000000   Dvice  pty
[   00000]Movable zone start for each node
[    0.000000] Early memory node ranges
[    0.000000]   node   0: [mem 0x0000000000001000-0x000000000009efff]
[    0.000000]  node   0: [mem 0x0000000000100000-0x000000003feffff]
[   0.00000Initemetupno 0 [m x000000000100x000000003ffeffff]
[    0.0000] CPI: PM-Timer IO or: 0x00
[    0.000000] IOAPIC[0]: apic_id 2, version 32, address 0xfec00000 G 0-2
   0.000000 AI: IT_RCOV(bus 0 bus_irq 0 global_irq 2 dfl dfl)
[    0.000000] ACPI: INT_SRC_OVR (bus 0 bus_irq 9 loalirq 9 high lve)
[  .00000 Usig ACPIMAT) for SMP configuration information
[    0.000000] smpboot: Allowing 2 CPUs, 0 hotplug CPUs
[    0.000000] PM: Registered nosave memory: [mem 0x00000000-0x00000fff]
[    0.0000] P: gistrenosave memoy:mem 0009f00-0x009fff
[  000000 PM: Regiterenoav mory:[me0x000a0000x00eff]
[  0.00000] PM: Registered nosave memory: [mem 0x000f0000-0x000fffff]
[    0.000000] e820: [mem 0x40000000-0xfebfffff] available for PCI devices
[    0.000000] Booting paravirtualized kernel on KVM
[    0.000000] clocksource: refined-jiffies: mask: 0xffffffff max_cycles: 0xffffffff, max_idle_ns: 7645519600211568 ns
[    0.000000] setup_percpu: NR_CPUS:512 nr_cpumask_bits:512 nr_cpu_ids:2 nrnode_ids:1
[    0.000000] PERCPU: Embedded 33 pages/cpu @ffff88003fc00000 s98264 r8192 d28712 u1048576
[    0.000000] PV qspinlock hash table entries: 256 (order: 0, 4096 bytes
[    0.000000] Built 1 zoneliss in Node order, mobility grouping on.  Total pages: 257913
[    0.000000] Policy zone: DMA32
[    0.000000] Kernel command line: BOOT_IMAGE=/boot/vmlinuz-4.4.0-64-generic root=UUID=8ca31236-1b14-47d1-a491-527bdc859dc ro console=tty1 console=ttyS0
[    0.000000] PID hash table entries: 4096 (order: 3, 32768 bytes)
[    0.000000] Memory: 997364K/1048120K available (8452K kernel code, 1293K rwdata, 3980K rodata, 1488K init, 1316K bss, 50756K reserved, 0K cma-reserved)
[    0.000000] SLUB: HWalign=64, Order=0-3, MinObjects=0, CPUs=2, Nodes=1
[    0.0000] Hierarchical RCU implementation.
[    0.000000] 	Build-time adjustment of leaf fanout to 64.
[    0.000000] 	RCU restricting CPUs from NR_CPUS=512 to nr_cpu_ids=2.
[    0.000000] RCU: Adjusting geometry for rcu_fanout_leaf=64, nr_cpu_ids=2
[    0.000000] NR_IRQS:33024 nr_irqs:440 16
[    0.000000] onsole: colour VGA+ 80x25
[    0.000000] console [tty1] enabled
[    0.000000] console [ttyS0] enbled
[   0.000000] tsc: Detected 2399.996 MHz pocessor
[   10.359137] Calibrating delay loop (skipped) preset value.. 4799.99 BogoMIPS (lpj=9599984)
[   10.386497] pid_max: default: 32768 minimum: 301
[   10.393709] ACPI: Core revision 20150930
[   10.397675] ACPI: 2 ACPI AML tables successfully acquired and loaded
[   10.422987] Security Framework initialized
[   10.431628] Yama: becoming mindful.
[   10.432537] AppArmor: AppArmor initialized
[   10.433695] Dentry cache hash table entries: 131072 (order: 8, 1048576 bytes)
[   10.435678] Inode-cache hash table entries: 65536 (order: 7, 524288 bytes)
[   10.441080] Mount-cache hash table entries: 2048 (order: 2, 16384 bytes)
[   10.443038] Mountpoint-cache hash table entries: 2048 (order: 2, 16384 bytes)
[   10.456905] Initializing cgroup subsys io
[   10.459554] Initializing cgroup subsys memory
[   10.461330] Initializing cgroup subsys devices
[   10.469267] Initializing cgroup subsys freezer
[   10.470927] Initializing cgroup subsys net_cls
[   10.476992] Initializing cgroup subsys perf_event
[   10.486112] Initializing cgroup subsys net_prio
[   10.491649] Initializing cgroup subsys hugetlb
[   10.499287] Initializing cgroup subsys pids
[   10.501625] CPU: Physical Processor ID: 0
[   10.507169] CPU: Processor Core ID: 0
[   10.511684] mce: CPU supports 0 MCE banks
[   10.520220] Last level iTLB entries: 4KB 64, 2MB 8, 4MB 8
[   10.528110] Last level dTLB entries: 4KB 64, 2MB 0, 4MB 0, 1GB 4
[   10.538365] Freeing SMP alternatives memory: 32K (ffffffff820b9000 - ffffffff820c1000)
[   10.578582] ftrace: allocating 32123 entries in 126 pages
[   10.656184] smpboot: APIC(0) Converting physical 0 to logical package 0
[   10.680323] smpboot: Max logical packages: 1
[   10.684971] x2apic enabled
[   10.735184] Switched APIC routing to physical x2apic.
[   10.749124] ..TIMER: vector=0x30 apic1=0 pin1=2 apic2=-1 pin2=-1
[   10.974250] APIC calibration not consistent with PM-Timer: 98ms instead of 100ms
[   11.095404] APIC delta adjusted to PM-Timer: 6248997 (6177282)
[   11.220936] smpboot: CPU0: Intel(R) Core(TM) i5-6200U CPU @ 2.30GHz (family: 0x6, model: 0x4e, stepping: 0x3)
[   11.319124] Performance Events: unsupported p6 CPU model 78 no PMU driver, software events only.
[   11.381020] KVM setup paravirtual spinlock
[   11.432172] x86: Booting SMP configuration:
[   11.433055] .... node  #0, CPUs:      #1
[   11.444351] kvm-clock: cpu 1, msr 0:3ffe3041, secondary cpu clock
[   11.457570] mce: CPU supports 0 MCE banks
[   11.460193] x86: Booted up 1 node, 2 CPUs
[   11.477295] smpboot: Total of 2 processors activated (9599.98 BogoMIPS)
[   11.526722] devtmpfs: initialized
[   11.579962] evm: security.selinux
[   11.629925] evm: security.SMACK64
[   11.666893] evm: security.SMACK64EXEC
[   11.720919] evm: security.SMACK64TRANSMUTE
[   11.738890] evm: security.SMACK64MMAP
[   11.748724] evm: security.ima
[   11.808355] evm: security.capability
[   11.856910] clocksource: jiffies: mask: 0xffffffff max_cycles: 0xffffffff, max_idle_ns: 7645041785100000 ns
[   11.972960] pinctrl core: initialized pinctrl subsystem
[   12.050358] RTC time: 11:22:18, date: 02/24/17
[   12.072997] NET: Registered protocol family 16
[   12.089281] cpuidle: using governor ladder
[   12.138381] cpuidle: using governor menu
[   12.166479] PCCT header not found.
[   12.177653] ACPI: bus type PCI registered
[   12.179243] acpiphp: ACPI Hot Plug PCI Controller Driver version: 0.5
[   12.180697] PCI: Using configuration type 1 for base access
[   12.195209] ACPI: Added _OSI(Module Device)
[   12.245174] ACPI: Added _OSI(Processor Device)
[   12.246440] ACPI: Added _OSI(3.0 _SCP Extensions)
[   12.247595] ACPI: Added _OSI(Processor Aggregator Device)
[   12.279454] ACPI: Executed 1 blocks of module-level executable AML code
[   12.335418] ACPI: Interpreter enabled
[   12.338584] ACPI: (supports S0 S5)
[   12.339353] ACPI: Using IOAPIC for interrupt routing
[   12.340613] PCI: Using host bridge windows from ACPI; if necessary, use "pci=nocrs" and report a bug
[   12.346715] ACPI: PCI Root Bridge [PCI0] (domain 0000 [bus 00-ff])
[   12.379760] acpi PNP0A03:00: _OSC: OS supports [ASPM ClockPM Segments MSI]
[   12.413159] acpi PNP0A03:00: _OSC failed (AE_NOT_FOUND); disabling ASPM
[   12.417471] acpi PNP0A03:00: fail to add MMCONFIG information, can't access extended PCI configuration space under this bridge.
[   12.420427] PCI host bridge to bus 0000:00
[   12.426695] pci_bus 0000:00: root bus resource [io  0x0000-0x0cf7 window]
[   12.443367] pci_bus 0000:00: root bus resource [io  0x0d00-0xffff window]
[   12.462848] pci_bus 0000:00: root bus resource [mem 0x000a0000-0x000bffff window]
[   12.493546] pci_bus 0000:00: root bus resource [mem 0x40000000-0xffdfffff window]
[   12.509419] pci_bus 0000:00: root bus resource [bus 00-ff]
[   12.512790] pci 0000:00:01.1: legacy IDE quirk: reg 0x10: [io  0x01f0-0x01f7]
[   12.549596] pci 0000:00:01.1: legacy IDE quirk: reg 0x14: [io  0x03f6]
[   12.562484] pci 0000:00:01.1: legacy IDE quirk: reg 0x18: [io  0x0170-0x0177]
[   12.566295] pci 0000:00:01.1: legacy IDE quirk: reg 0x1c: [io  0x0376]
[   12.630963] ACPI: PCI Interrupt Link [LNKA] (IRQs 5 9 10 *11)
[   12.678754] ACPI: PCI Interrupt Link [LNKB] (IRQs 5 9 10 *11)
[   12.721463] ACPI: PCI Interrupt Link [LNKC] (IRQs 5 9 *10 11)
[   12.735586] ACPI: PCI Interrupt Link [LNKD] (IRQs 5 *9 10 11)
[   12.738881] ACPI: Enabled 2 GPEs in block 00 to 07
[   12.740604] vgaarb: setting as boot device: PCI:0000:00:02.0
[   12.744433] vgaarb: device added: PCI:0000:00:02.0,decodes=io+mem,owns=io+mem,locks=none
[   12.746484] vgaarb: loaded
[   12.747209] vgaarb: bridge control possible 0000:00:02.0
[   12.748714] SCSI subsystem initialized
[   12.749865] ACPI: bus type USB registered
[   12.750826] usbcore: registered new interface driver usbfs
[   12.762045] usbcore: registered new interface driver hub
[   12.845257] usbcore: registered new device driver usb
[   12.878897] PCI: Using ACPI for IRQ routing
[   12.903942] NetLabel: Initializing
[   12.904765] NetLabel:  domain hash size = 128
[   12.947916] NetLabel:  protocols = UNLABELED CIPSOv4
[   12.979104] NetLabel:  unlabeled traffic allowed by default
[   13.065073] amd_nb: Cannot enumerate AMD northbridges
[   13.140552] clocksource: Switched to clocksource kvm-clock
[   3.14980]pprm: pAorFisyte Enbld  3.45] npPn AI it
[  11761 p: P PIfod  devices

[   14.684638] clocksource: acpi_pm: mask: 0xffffff max_cycles: 0xffffff, max_idle_ns: 2085701024 ns
[   14.700157] NET: Registered protocol family 2
[   14.704290] TCP established hash table entries: 8192 (order: 4, 65536 bytes)
[   14.710581] TCP bind hash table entries: 8192 (order: 5, 131072 bytes)
[   14.714581] TCP: Hash tables configured (established 8192 bind 8192)
[   14.716239] UDP hash table entries: 512 (order: 2, 16384 bytes)
[   14.720129] UDP-Lite hash table entries: 512 (order: 2, 16384 bytes)
[   14.724688] NET: Registered protocol family 1
[   14.729423] pci 0000:00:00.0: Limiting direct PCI/PCI transfers
[   14.732190] pci 0000:00:01.0: Activating ISA DMA hang workarounds
[   14.744976] Trying to unpack rootfs image as initramfs...
[   15.012278] Freeing initrd memory: 15212K (ffff88003623a000 - ffff880037115000)
[   15.097651] platform rtc_cmos: registered platform RTC device (no PNP device found)
[   15.222060] Scanning for low memory corruption every 60 seconds
[   15.279726] futex hash table entries: 512 (order: 3, 32768 bytes)
[   15.353543] audit: initializing netlink subsys (disabled)
[   15.416084] audit: type=2000 audit(1487935334.619:1): initialized
[   15.501651] Initialise system trusted keyring
[   15.574329] HugeTLB regstered 2 MB page size, pre-allocated 0 pages

[   15.610001] zbud: loaded
[   15.613729] VFS: Disk quotas dquot_6.6.0
[  15.619293] VFS: Dquot-cache hash tabl entries: 512 (order 0,406 bytes)
[  15.769484] squashfs: version 4.0 (2009/01/31) Phillip Lougher

[   15.811106] fuse init (API version 7.23)
[  15.813914] Key type big_key registered
[   15.850208] Allocating IMA MOK and blacklist keyrings.

[   15.854958] Key type asymmetric registered
[   15.856179] Asymmetric key parser 'x509' registered
[   15.857808] Block layer SCSI generic (bsg) driver version 0.4 loaded (major 249)
[   15.883602] io scheduler noop registered
[   15.890721] io scheduler deadline registered (default)
[   15.897549] io scheduler cfq registered
[   15.901625] pci_hotplug: PCI Hot Plug PCI Core version: 0.5
[   15.903585] pciehp: PCI Express Hot Plug Controller Driver version: 0.4
[   15.911140] ACPI: AC Adapter [AC] (on-line)
[   15.914692] input: Power Button as /devices/LNXSYSTM:00/LNXPWRBN:00/input/input0
[   15.924402] ACPI: Power Button [PWRF]
[   15.929246] input: Sleep Button as /devices/LNXSYSTM:00/LNXSLPBN:00/input/input1
[   15.939966] ACPI: Sleep Button [SLPF]
[   15.947992] ACPI: Battery Slot [BAT0] (battery present)
[   15.953634] GHES: HEST is not enabled!
[   15.953783] Serial: 8250/16550 driver, 32 ports, IRQ sharing enabled
[   15.977480] 00:02: ttyS0 at I/O 0x3f8 (irq = 4, base_baud = 115200) is a 16550A
[   15.985918] Linux agpgart interface v0.103
[   15.995724] brd: module loaded
[   16.000647] loop: module loaded
[   16.010075] scsi host0: ata_piix
[   16.018017] scsi host1: ata_piix
[   16.022650] ata1: PATA max UDMA/33 cmd 0x1f0 ctl 0x3f6 bmdma 0xd000 irq 14
[   16.027318] ata2: PATA max UDMA/33 cmd 0x170 ctl 0x376 bmdma 0xd008 irq 15
[   16.029005] libphy: Fixed MDIO Bus: probed
[   16.031495] tun: Universal TUN/TAP device driver, 1.6
[   16.034522] tun: (C) 1999-2004 Max Krasnyansky <maxk@qualcomm.com>
[   16.039268] PPP generic driver version 2.4.2
[   16.042602] ehci_hcd: USB 2.0 'Enhanced' Host Controller (EHCI) Driver
[   16.045980] ehci-pci: EHCI PCI platform driver
[   16.050095] ehci-platform: EHCI generic platform driver
[   16.051785] ohci_hcd: USB 1.1 'Open' Host Controller (OHCI) Driver
[   16.055654] ohci-pci: OHCI PCI platform driver
[   16.057902] ohci-platform: OHCI generic platform driver
[   16.061668] uhci_hcd: USB Universal Host Controller Interface driver
[   16.064403] i8042: PNP: PS/2 Controller [PNP0303:PS2K,PNP0f03:PS2M] at 0x60,0x64 irq 1,12
[   16.067882] serio: i8042 KBD port at 0x60,0x64 irq 1
[   16.069659] serio: i8042 AUX port at 0x60,0x64 irq 12
[   16.076488] mousedev: PS/2 mouse device common for all mice
[   16.082257] input: AT Translated Set 2 keyboard as /devices/platform/i8042/serio0/input/input2
[   16.090901] rtc_cmos rtc_cmos: rtc core: registered rtc_cmos as rtc0
[   16.097480] tsc: Refined TSC clocksource calibration: 2399.196 MHz
[   16.097483] clocksource: tsc: mask: 0xffffffffffffffff max_cycles: 0x2295400b447, max_idle_ns: 440795251896 ns
[   16.106069] rtc_cmos rtc_cmos: alarms up to one day, 114 bytes nvram
[   16.109704] i2c /dev entries driver
[   16.112085] device-mapper: uevent: version 1.0.3
[   16.115206] device-mapper: ioctl: 4.34.0-ioctl (2015-10-28) initialised: dm-devel@redhat.com
[   16.118688] ledtrig-cpu: registered to indicate activity on CPUs
[   16.122774] NET: Registered protocol family 10
[   16.133491] NET: Registered protocol family 17
[   16.137685] Key type dns_resolver registered
[   16.145549] microcode: CPU0 sig=0x406e3, pf=0x2, revision=0x0
[   16.187823] microcode: CPU1 sig=0x406e3, pf=0x2, revision=0x0
[   16.195853] microcode: Microcode Update Driver: v2.01 <tigran@aivazian.fsnet.co.uk>, Peter Oruba
[   16.215349] registered taskstats version 1
[   16.216624] Loading compiled-in X.509 certificates
[   16.220949] Loaded X.509 cert 'Build time autogenerated kernel key: 11f495fa9f4186f263f5fd144a167c99990e2f12'
[   16.225687] zswap: loaded using pool lzo/zbud
[   16.237453] Key type trusted registered
[   16.244376] Key type encrypted registered
[   16.251404] AppArmor: AppArmor sha1 policy hashing enabled
[   16.258920] ima: No TPM chip found, activating TPM-bypass!
[   16.260363] evm: HMAC attrs: 0x1
[   16.265382]   Magic number: 5:766:378
[   16.272521] rtc_cmos rtc_cmos: setting system clock to 2017-02-24 11:22:23 UTC (1487935343)
[   16.276234] BIOS EDD facility v0.16 2004-Jun-25, 0 devices found
[   16.281248] EDD information not available.
[   16.290752] Freeing unused kernel memory: 1488K (ffffffff81f45000 - ffffffff820b9000)
[   16.304236] Write protecting the kernel read-only data: 14336k
[   16.306194] Freeing unused kernel memory: 1776K (ffff880001844000 - ffff880001a00000)
[   16.311122] Freeing unused kernel memory: 116K (ffff880001de3000 - ffff880001e00000)
Loading, please wait...
starting version[   16.333988] random: systemd-udevd: uninitialized urandom read (16 bytes read, 5 bits of entropy available)
 229
[   16.334629] random: udevadm: uninitialized urandom read (16 bytes read, 5 bits of entropy available)
[   16.334664] random: udevadm: uninitialized urandom read (16 bytes read, 5 bits of entropy available)
[   16.334773] random: udevadm: uninitialized urandom read (16 bytes read, 5 bits of entropy available)
[   16.334811] random: udevadm: uninitialized urandom read (16 bytes read, 5 bits of entropy available)
[   16.334847] random: udevadm: uninitialized urandom read (16 bytes read, 5 bits of entropy available)
[   16.334884] random: udevadm: uninitialized urandom read (16 bytes read, 5 bits of entropy available)
[   16.334922] random: udevadm: uninitialized urandom read (16 bytes read, 5 bits of entropy available)
[   16.334977] random: udevadm: uninitialized urandom read (16 bytes read, 5 bits of entropy available)
[   16.335029] random: udevadm: uninitialized urandom read (16 bytes read, 5 bits of entropy available)
[   16.400738] e1000: Intel(R) PRO/1000 Network Driver - version 7.3.21-k8-NAPI
[   16.426028] e1000: Copyright (c) 1999-2006 Intel Corporation.
[   16.449098] Fusion MPT base driver 3.04.20
[   16.458962] Copyright (c) 1999-2008 LSI Corporation
[   16.465880] Fusion MPT SPI Host driver 3.04.20
[   16.494478] AVX version of gcm_enc/dec engaged.
[   16.517863] AES CTR mode by8 optimization enabled
[   16.754019] input: ImExPS/2 Generic Explorer Mouse as /devices/platform/i8042/serio1/input/input4
[   16.881356] e1000 0000:00:03.0 eth0: (PCI:33MHz:32-bit) 02:e4:5b:1a:6e:ce
[   16.979953] e1000 0000:00:03.0 eth0: Intel(R) PRO/1000 Network Connection
[   17.467418] e1000 0000:00:08.0 eth1: (PCI:33MHz:32-bit) 08:00:27:a2:24:d4
[   17.514105] e1000 0000:00:08.0 eth1: Intel(R) PRO/1000 Network Connection
[   17.588597] e1000 0000:00:03.0 enp0s3: renamed from eth0
[   17.663285] mptbase: ioc0: Initiating bringup
[   17.689101] e1000 0000:00:08.0 enp0s8: renamed from eth1
[   17.822980] ioc0: LSI53C1030 A0: Capabilities={Initiator}
[   19.225906] scsi host2: ioc0: LSI53C1030 A0, FwRev=00000000h, Ports=1, MaxQ=256, IRQ=20
[   19.468920] floppy0: no floppy controllers found
[   19.468978] work still pending
[   20.072169] scsi 2:0:0:0: Direct-Access     VBOX     HARDDISK         1.0  PQ: 0 ANSI: 5
[   20.083651] scsi target2:0:0: Beginning Domain Validation
[   20.143095] scsi target2:0:0: Domain Validation skipping write tests
[   20.220837] scsi target2:0:0: Ending Domain Validation
[   20.275976] scsi target2:0:0: asynchronous
[   20.285774] scsi 2:0:1:0: Direct-Access     VBOX     HARDDISK         1.0  PQ: 0 ANSI: 5
[   20.312586] scsi target2:0:1: Beginning Domain Validation
[   20.372243] scsi target2:0:1: Domain Validation skipping write tests
[   20.383016] scsi target2:0:1: Ending Domain Validation
[   20.391360] scsi target2:0:1: asynchronous
[   20.403816] sd 2:0:0:0: Attached scsi generic sg0 type 0
[   20.406000] sd 2:0:0:0: [sda] 20971520 512-byte logical blocks: (10.7 GB/10.0 GiB)
[   20.422313] sd 2:0:1:0: [sdb] 20480 512-byte logical blocks: (10.5 MB/10.0 MiB)
[   20.424233] sd 2:0:0:0: [sda] Write Protect is off
[   20.424419] sd 2:0:1:0: [sdb] Write Protect is off
[   20.424524] sd 2:0:1:0: [sdb] Incomplete mode parameter data
[   20.424525] sd 2:0:1:0: [sdb] Assuming drive cache: write through
[   20.430161] sd 2:0:1:0: Attached scsi generic sg1 type 0
[   20.435539] sd 2:0:1:0: [sdb] Attached SCSI disk
[   20.461582] sd 2:0:0:0: [sda] Incomplete mode parameter data
[   20.486811] sd 2:0:0:0: [sda] Assuming drive cache: write through
[   20.489865]  sda: sda1
[   20.494212] sd 2:0:0:0: [sda] Attached SCSI disk
Begin: Loading essential drivers[   22.181786] md: linear personality registered for level -1
 ... [   22.194743] md: multipath personality registered for level -4
[   22.250129] md: raid0 personality registered for level 0
[   22.283238] md: raid1 personality registered for level 1
[   22.393027] raid6: sse2x1   gen()  6572 MB/s
[   22.468795] raid6: sse2x1   xor()  4430 MB/s
[   22.552945] raid6: sse2x2   gen()  8271 MB/s
[   22.660750] raid6: sse2x2   xor()  5776 MB/s
[   22.744938] raid6: sse2x4   gen()  8905 MB/s
[   22.824686] raid6: sse2x4   xor()  5789 MB/s
[   22.830098] raid6: using algorithm sse2x4 gen() 8905 MB/s
[   22.836314] raid6: .... xor() 5789 MB/s, rmw enabled
[   22.844218] raid6: using ssse3x2 recovery algorithm
[   22.848770] xor: automatically using best checksumming function:
[   22.916929]    avx       : 15716.000 MB/sec
[   22.990711] async_tx: api initialized (async)
[   23.006992] md: raid6 personality registered for level 6
[   23.077991] md: raid5 personality registered for level 5
[   23.157108] md: raid4 personality registered for level 4
[   23.221309] md: raid10 personality registered for level 10
done.
Begin: Running /scripts/init-p[   23.357378] Btrfs loaded
remount ... done.
Begin: Mounting root file system ... Begin: Running /scripts/local-top ... do[   23.461512] EXT4-fs (sda1): INFO: recovery required on readonly filesystem
ne.
Begin: Runn[   23.540059] EXT4-fs (sda1): write access will be enabled during recovery
ing /scripts/local-premount ... Scanning for Btrfs filesystems
done.
Warning: [   23.560591] EXT4-fs (sda1): recovery complete
fsck not present[   23.577853] EXT4-fs (sda1): mounted filesystem with ordered data mode. Opts: (null)
, so skipping root file system
done.
Begin: Running /scripts/local-bottom ... done.
Begin: Running /scripts/init-bottom ... done.
[   23.785978] systemd[1]: systemd 229 running in system mode. (+PAM +AUDIT +SELINUX +IMA +APPARMOR +SMACK +SYSVINIT +UTMP +LIBCRYPTSETUP +GCRYPT +GNUTLS +ACL +XZ -LZ4 +SECCOMP +BLKID +ELFUTILS +KMOD -IDN)
[   23.899166] systemd[1]: Detected virtualization oracle.
[   23.909181] systemd[1]: Detected architecture x86-64.

Welcome to [1mUbuntu 16.04.2 LTS[0m!

[   23.949468] systemd[1]: Set hostname to <ubuntu-xenial>.
[   24.079762] systemd[1]: Set up automount Arbitrary Executable File Formats File System Automount Point.
[[0;32m  OK  [0m] Set up automount Arbitrary Executab...ats File System Automount Point.
[   24.162019] systemd[1]: Listening on Journal Socket.
[[0;32m  OK  [0m] Listening on Journal Socket.
[   24.183551] systemd[1]: Created slice User and Session Slice.
[[0;32m  OK  [0m] Created slice User and Session Slice.
[   24.221515] systemd[1]: Listening on Device-mapper event daemon FIFOs.
[[0;32m  OK  [0m] Listening on Device-mapper event daemon FIFOs.
[   24.279972] systemd[1]: Started Forward Password Requests to Wall Directory Watch.
[[0;32m  OK  [0m] Started Forward Password Requests to Wall Directory Watch.
[   24.381346] systemd[1]: Created slice System Slice.
[[0;32m  OK  [0m] Created slice System Slice.
[   24.456749] systemd[1]: Starting Nameserver information manager...
         Starting Nameserver information manager...
[   24.487926] systemd[1]: Starting Create list of required static device nodes for the current kernel...
         Starting Create list of required st... nodes for the current kernel...
[   24.581031] systemd[1]: Mounting Debug File System...
[   24.582855] random: nonblocking pool is initialized
         Mounting Debug File System...
[   24.647545] systemd[1]: Created slice system-serial\x2dgetty.slice.
[[0;32m  OK  [0m] Created slice system-serial\x2dgetty.slice.
[   24.680941] systemd[1]: Listening on /dev/initctl Compatibility Named Pipe.
[[0;32m  OK  [0m] Listening on /dev/initctl Compatibility Named Pipe.
[   24.753069] systemd[1]: Reached target Swap.
[[0;32m  OK  [0m] Reached target Swap.
[   24.783151] systemd[1]: Listening on Journal Audit Socket.
[[0;32m  OK  [0m] Listening on Journal Audit Socket.
[   24.828714] systemd[1]: Mounting POSIX Message Queue File System...
         Mounting POSIX Message Queue File System...
[   24.864953] systemd[1]: Listening on LVM2 metadata daemon socket.
[[0;32m  OK  [0m] Listening on LVM2 metadata daemon socket.
[   24.912984] systemd[1]: Starting Monitoring of LVM2 mirrors, snapshots etc. using dmeventd or progress polling...
         Starting Monitoring of LVM2 mirrors... dmeventd or progress polling...
[   25.011294] systemd[1]: Listening on Syslog Socket.
[[0;32m  OK  [0m] Listening on Syslog Socket.
[   25.039365] systemd[1]: Reached target User and Group Name Lookups.
[[0;32m  OK  [0m] Reached target User and Group Name Lookups.
[   25.084954] systemd[1]: Starting Remount Root and Kernel File Systems...
[   25.090630] EXT4-fs (sda1): re-mounted. Opts: (null)
         Starting Remount Root and Kernel File Systems...
[   25.104274] systemd[1]: Listening on udev Kernel Socket.
[[0;32m  OK  [0m] Listening on udev Kernel Socket.
[   25.115196] systemd[1]: Listening on Journal Socket (/dev/log).
[[0;32m  OK  [0m] Listening on Journal Socket (/dev/log).
[   25.145165] systemd[1]: Starting Journal Service...
         Starting Journal Service...
[   25.169131] systemd[1]: Listening on udev Control Socket.
[[0;32m  OK  [0m] Listening on udev Control Socket.
[   25.186458] systemd[1]: Reached target Slices.
[[0;32m  OK  [0m] Reached target Slices.
[   25.200773] systemd[1]: Starting Uncomplicated firewall...
         Starting Uncomplicated firewall...
[   25.215132] systemd[1]: Starting Set console keymap...
         Starting Set console keymap...
[   25.256861] systemd[1]: Reached target Encrypted Volumes.
[[0;32m  OK  [0m] Reached target Encrypted Volumes.
[   25.284999] systemd[1]: Starting Load Kernel Modules...
[   25.295978] Loading iSCSI transport class v2.0-870.
         Starting Load Kernel Modules...
[   26.563270] systemd[1]: Listening on LVM2 poll daemon socket.
[[0;32m  OK  [0m] Listening on LVM2 poll daemon socket.
[   26.571299] iscsi: registered transport (tcp)
[   26.571801] systemd[1]: Mounting Huge Pages File System...
         Mounting Huge Pages File System...
[   26.633962] systemd[1]: Mounted POSIX Message Queue File System.
[[0;32m  OK  [0m] Mounted POSIX Message Queue File System.
[   26.653774] systemd[1]: Mounted Debug File System.
[[0;32m  OK  [0[   26.658971] iscsi: registered transport (iser)
m] Mounted Debug File System.
[   26.664087] systemd[1]: Mounted Huge Pages File System.
[[0;32m  OK  [0m] Mounted Huge Pages File System.
[  2.6508]syted[]:Strted Journal Service.

[[0;32m  OK  [0m] Started Journal Service.
[[0;32m  OK  [0m] Started Create list of required sta...ce nodes for the current kernel.
[[0;32m  OK  [0m] Started Remount Root and Kernel File Systems.
[[0;32m  OK  [0m] Started Uncomplicated firewall.
[[0;32m  OK  [0m] Started Set console keymap.
[[0;32m  OK  [0m] Started Load Kernel Modules.
[[0;32m  OK  [0m] Started Nameserver information manager.
[[0;32m  OK  [0m] Started LVM2 metadata daemon.
         Starting Apply Kernel Variables...
         Mounting FUSE Control File System...
         Starting Load/Save Random Seed...
         Starting Initial cloud-init job (pre-networking)...
         Starting udev Coldplug all Devices...
         Starting Create Static Device Nodes in /dev...
         Starting Flush Journal to Persistent Storage...
[[0;32m  OK  [0m] Mounted FUSE Control File System.
[[0;32m  OK  [0m] Started Apply Kernel Variables.
[[0;32m  OK  [0m] Started Load/Save Random Seed.
[[0;32m  OK  [0m] Started Create Static Device Nodes in /dev.
[[0;32m  OK  [0m] Started Flush Journal to Persistent Storage.
[[0;32m  OK  [0m] Started udev Coldplug all Devices.
         Starting udev Kernel Device Manager...
[[0;32m  OK  [0m] Started Monitoring of LVM2 mirrors,...ng dmeventd or progress polling.
[[0;32m  OK  [0m] Started udev Kernel Device Manager.
[[0;32m  OK  [0m] Started Dispatch Password Requests to Console Directory Watch.
[[0;32m  OK  [0m] Reached target Local File Systems (Pre).
[[0;32m  OK  [0m] Reached target Local File Systems.
         Starting LSB: AppArmor initialization...
         Starting Set console font and keymap...
         Starting Tell Plymouth To Write Out Runtime Data...
         Starting Create Volatile Files and Directories...
[[0;32m  OK  [0m] Started Tell Plymouth To Write Out Runtime Data.
[[0;32m  OK  [0m] Started Create Volatile Files and Directories.
         Starting Update UTMP about System Boot/Shutdown...
[[0;32m  OK  [0m] Reached target System Time Synchronized.
[[0;32m  OK  [0m] Started LSB: AppArmor initialization.
[[0;32m  OK  [0m] Started Update UTMP about System Boot/Shutdown.
[[0;32m  OK  [0m] Found device /dev/ttyS0.
[[0;32m  OK  [0m] Found device 82540EM Gigabit Ethern...r (PRO/1000 MT Desktop Adapter).
[[0;32m  OK  [0m] Found device 82540EM Gigabit Ethern...r (PRO/1000 MT Desktop Adapter).
[[0;32m  OK  [0m] Listening on Load/Save RF Kill Switch Status /dev/rfkill Watch.
[[0;32m  OK  [0m] Started Set console font and keymap.
[[0;32m  OK  [0m] Created slice system-getty.slice.
[   47.047626] cloud-init[491]: Cloud-init v. 0.7.8 running 'init-local' at Fri, 24 Feb 2017 11:23:06 +0000. Up 46.75 seconds.
[[0;32m  OK  [0m] Started Initial cloud-init job (pre-networking).
[[0;32m  OK  [0m] Reached target Network (Pre).
[[0;32m  OK  [0m] Started ifup for enp0s3.
         Starting Raise network interfaces...
[[0;32m  OK  [0m] Started ifup for enp0s8.
[    [0;31m*[0;1;31m*[0m] A start job is running for Raise network interfaces (40s / 5min 35s)[K[   [0;31m*[0;1;31m*[0m[0;31m*[0m] A start job is running for Raise network interfaces (41s / 5min 35s)[K[  [0;31m*[0;1;31m*[0m[0;31m* [0m] A start job is running for Raise network interfaces (41s / 5min 35s)[K[ [0;31m*[0;1;31m*[0m[0;31m*  [0m] A start job is running for Raise network interfaces (42s / 5min 35s)[K[[0;31m*[0;1;31m*[0m[0;31m*   [0m] A start job is running for Raise network interfaces (42s / 5min 35s)[K[[0;1;31m*[0m[0;31m*    [0m] A start job is running for Raise network interfaces (43s / 5min 35s)[K[[0m[0;31m*     [0m] A start job is running for Raise network interfaces (43s / 5min 35s)[K[[0;1;31m*[0m[0;31m*    [0m] A start job is running for Raise network interfaces (44s / 5min 35s)[K[[0;31m*[0;1;31m*[0m[0;31m*   [0m] A start job is running for Raise network interfaces (44s / 5min 35s)[K[ [0;31m*[0;1;31m*[0m[0;31m*  [0m] A start job is running for Raise network interfaces (45s / 5min 35s)[K[  [0;31m*[0;1;31m*[0m[0;31m* [0m] A start job is running for Raise network interfaces (46s / 5min 35s)[K[   [0;31m*[0;1;31m*[0m[0;31m*[0m] A start job is running for Raise network interfaces (46s / 5min 35s)[K[    [0;31m*[0;1;31m*[0m] A start job is running for Raise network interfaces (46s / 5min 35s)[K[     [0;31m*[0m] A start job is running for Raise network interfaces (47s / 5min 35s)[K[    [0;31m*[0;1;31m*[0m] A start job is running for Raise network interfaces (47s / 5min 35s)[K[   [0;31m*[0;1;31m*[0m[0;31m*[0m] A start job is running for Raise network interfaces (48s / 5min 35s)[K[  [0;31m*[0;1;31m*[0m[0;31m* [0m] A start job is running for Raise network interfaces (48s / 5min 35s)[K[ [0;31m*[0;1;31m*[0m[0;31m*  [0m] A start job is running for Raise network interfaces (49s / 5min 35s)[K[[0;31m*[0;1;31m*[0m[0;31m*   [0m] A start job is running for Raise network interfaces (50s / 5min 35s)[K[[0;1;31m*[0m[0;31m*    [0m] A start job is running for Raise network interfaces (50s / 5min 35s)[K[[0m[0;31m*     [0m] A start job is running for Raise network interfaces (51s / 5min 35s)[K[[0;1;31m*[0m[0;31m*    [0m] A start job is running for Raise network interfaces (51s / 5min 35s)[K[[0;31m*[0;1;31m*[0m[0;31m*   [0m] A start job is running for Raise network interfaces (52s / 5min 35s)[K[ [0;31m*[0;1;31m*[0m[0;31m*  [0m] A start job is running for Raise network interfaces (52s / 5min 35s)[K[  [0;31m*[0;1;31m*[0m[0;31m* [0m] A start job is running for Raise network interfaces (53s / 5min 35s)[K[   [0;31m*[0;1;31m*[0m[0;31m*[0m] A start job is running for Raise network interfaces (53s / 5min 35s)[K[    [0;31m*[0;1;31m*[0m] A start job is running for Raise network interfaces (54s / 5min 35s)[K[     [0;31m*[0m] A start job is running for Raise network interfaces (55s / 5min 35s)[K[    [0;31m*[0;1;31m*[0m] A start job is running for Raise network interfaces (55s / 5min 35s)[K[   [0;31m*[0;1;31m*[0m[0;31m*[0m] A start job is running for Raise network interfaces (56s / 5min 35s)[K[  [0;31m*[0;1;31m*[0m[0;31m* [0m] A start job is running for Raise network interfaces (56s / 5min 35s)[K[ [0;31m*[0;1;31m*[0m[0;31m*  [0m] A start job is running for Raise network interfaces (57s / 5min 35s)[K[[0;31m*[0;1;31m*[0m[0;31m*   [0m] A start job is running for Raise network interfaces (57s / 5min 35s)[K[[0;1;31m*[0m[0;31m*    [0m] A start job is running for Raise network interfaces (58s / 5min 35s)[K[[0m[0;31m*     [0m] A start job is running for Raise network interfaces (59s / 5min 35s)[K[[0;1;31m*[0m[0;31m*    [0m] A start job is running for Raise network interfaces (59s / 5min 35s)[K[[0;31m*[0;1;31m*[0m[0;31m*   [0m] A start job is running for Raise network interfaces (1min / 5min 35s)[K[ [0;31m*[0;1;31m*[0m[0;31m*  [0m] A start job is running for Raise network interfaces (1min / 5min 35s)[K[  [0;31m*[0;1;31m*[0m[0;31m* [0m] A start job is running for Raise ne... interfaces (1min 1s / 5min 35s)[K[   [0;31m*[0;1;31m*[0m[0;31m*[0m] A start job is running for Raise ne... interfaces (1min 1s / 5min 35s)[K[    [0;31m*[0;1;31m*[0m] A start job is running for Raise ne... interfaces (1min 2s / 5min 35s)[K[     [0;31m*[0m] A start job is running for Raise ne... interfaces (1min 3s / 5min 35s)[K[    [0;31m*[0;1;31m*[0m] A start job is running for Raise ne... interfaces (1min 3s / 5min 35s)[K[   [0;31m*[0;1;31m*[0m[0;31m*[0m] A start job is running for Raise ne... interfaces (1min 4s / 5min 35s)[K[  [0;31m*[0;1;31m*[0m[0;31m* [0m] A start job is running for Raise ne... interfaces (1min 5s / 5min 35s)[K[ [0;31m*[0;1;31m*[0m[0;31m*  [0m] A start job is running for Raise ne... interfaces (1min 5s / 5min 35s)[K[[0;31m*[0;1;31m*[0m[0;31m*   [0m] A start job is running for Raise ne... interfaces (1min 6s / 5min 35s)[K[[0;32m  OK  [0m] Started Raise network interfaces.
         Starting Initial cloud-init job (metadata service crawler)...
[[0;32m  OK  [0m] Reached target Network.
[   79.045786] cloud-init[1167]: Cloud-init v. 0.7.8 running 'init' at Fri, 24 Feb 2017 11:23:38 +0000. Up 78.63 seconds.
[   79.136726] cloud-init[1167]: ci-info: ++++++++++++++++++++++++++++++++++++++Net device info++++++++++++++++++++++++++++++++++++++
[   79.137647] cloud-init[1167]: ci-info: +--------+------+-----------------------------+---------------+-------+-------------------+
[   79.138141] cloud-init[1167]: ci-info: | Device |  Up  |           Address           |      Mask     | Scope |     Hw-Address    |
[   79.138428] cloud-init[1167]: ci-info: +--------+------+-----------------------------+---------------+-------+-------------------+
[   79.138633] cloud-init[1167]: ci-info: |   lo   | True |          127.0.0.1          |   255.0.0.0   |   .   |         .         |
[   79.138801] cloud-init[1167]: ci-info: |   lo   | True |           ::1/128           |       .       |  host |         .         |
[   79.139007] cloud-init[1167]: ci-info: | enp0s8 | True |        192.168.33.10        | 255.255.255.0 |   .   | 08:00:27:a2:24:d4 |
[   79.139193] cloud-init[1167]: ci-info: | enp0s8 | True | fe80::a00:27ff:fea2:24d4/64 |       .       |  link | 08:00:27:a2:24:d4 |
[   79.139365] cloud-init[1167]: ci-info: | enp0s3 | True |          10.0.2.15          | 255.255.255.0 |   .   | 02:e4:5b:1a:6e:ce |
[   79.139667] cloud-init[1167]: ci-info: | enp0s3 | True |  fe80::e4:5bff:fe1a:6ece/64 |       .       |  link | 02:e4:5b:1a:6e:ce |
[   79.139889] cloud-init[1167]: ci-info: +--------+------+-----------------------------+---------------+-------+-------------------+
[   79.140343] cloud-init[1167]: ci-info: ++++++++++++++++++++++++++++Route IPv4 info++++++++++++++++++++++++++++
[   79.140658] cloud-init[1167]: ci-info: +-------+--------------+----------+---------------+-----------+-------+
[   79.141042] cloud-init[1167]: ci-info: | Route | Destination  | Gateway  |    Genmask    | Interface | Flags |
[   79.141260] cloud-init[1167]: ci-info: +-------+--------------+----------+---------------+-----------+-------+
[   79.141382] cloud-init[1167]: ci-info: |   0   |   0.0.0.0    | 10.0.2.2 |    0.0.0.0    |   enp0s3  |   UG  |
[   79.142330] cloud-init[1167]: ci-info: |   1   |   10.0.2.0   | 0.0.0.0  | 255.255.255.0 |   enp0s3  |   U   |
[   79.142576] cloud-init[1167]: ci-info: |   2   | 192.168.33.0 | 0.0.0.0  | 255.255.255.0 |   enp0s8  |   U   |
[   79.142812] cloud-init[1167]: ci-info: +-------+--------------+----------+---------------+-----------+-------+
[[0;32m  OK  [0m] Started Initial cloud-init job (metadata service crawler).
[[0;32m  OK  [0m] Reached target Network is Online.
         Starting iSCSI initiator daemon (iscsid)...
[[0;32m  OK  [0m] Reached target Cloud-config availability.
[[0;32m  OK  [0m] Reached target System Initialization.
[[0;32m  OK  [0m] Started Trigger resolvconf update for networkd DNS.
[[0;32m  OK  [0m] Started Timer to automatically refresh installed snaps.
         Starting LXD - unix socket.
         Starting Socket activation for snappy daemon.
[[0;32m  OK  [0m] Started Daily Cleanup of Temporary Directories.
[[0;32m  OK  [0m] Started ACPI Events Check.
[[0;32m  OK  [0m] Reached target Paths.
[[0;32m  OK  [0m] Listening on D-Bus System Message Bus Socket.
[[0;32m  OK  [0m] Listening on ACPID Listen Socket.
[[0;32m  OK  [0m] Listening on UUID daemon activation socket.
[[0;32m  OK  [0m] Started Daily apt activities.
[[0;32m  OK  [0m] Reached target Timers
[[0;32m  OK  [0m] Listening on LXD - unix socket.
[[0;32m  OK  [0m] Listening on Socket activation for snappy daemon.
[[0;32m  OK  [0m] Started iSCSI initiator daemon (iscsid).
         Starting Login to default iSCSI targets...
[[0;32m  OK  [0m] Reached target Sockets.
[[0;32m  OK  [0m] Reached target Basic System.
         Starting Login Service...
[[0;32m  OK  [0m] Started FUSE filesystem for LXC.
         Starting Apply the settings specified in cloud-config...
         Starting System Logging Service...
[[0;32m  OK  [0m] Started Regular background program processing daemon.
[[0;32m  OK  [0m] Started Snappy daemon.
[[0;32m  OK  [0m] Started Deferred execution scheduler.
[[0;32m  OK  [0m] Started D-Bus System Message Bus.
         Starting Accounts Service...
[[0;32m  OK  [0m] Started ACPI event daemon.
         Starting LSB: Record successful boot for GRUB...
         Starting /etc/rc.local Compatibility...
         Starting LSB: MD monitoring daemon...
         Starting Auto import assertions from block devices...
         Starting OpenBSD Secure Shell server...
         Starting LXD - container startup/shutdown...
[[0;32m  OK  [0m] Started System Logging Service.
[[0;32m  OK  [0m] Started OpenBSD Secure Shell server.
[[0;32m  OK  [0m] Started /etc/rc.local Compatibility.
[[0;32m  OK  [0m] Started Auto import assertions from block devices.
[[0;32m  OK  [0m] Started Login to default iSCSI targets.
[[0;32m  OK  [0m] Started LXD - container startup/shutdown.
[[0;32m  OK  [0m] Started LSB: Record successful boot for GRUB.
[[0;32m  OK  [0m] Started LSB: MD monitoring daemon.
[[0;32m  OK  [0m] Reached target Remote File Systems (Pre).
[[0;32m  OK  [0m] Reached target Remote File Systems.
         Starting LSB: Apache2 web server...
         Starting LSB: VirtualBox Linux Additions...
         Starting Permit User Sessions...
         Starting LSB: Set the CPU Frequency Scaling governor to "ondemand"...
         Starting LSB: daemon to balance interrupts for SMP systems...
         Starting LSB: Start Tomcat....
         Starting LSB: automatic crash report generation...
[[0;32m  OK  [0m] Started Permit User Sessions.
[[0;32m  OK  [0m] Started Login Service.
[[0;32m  OK  [0m] Created slice User Slice of ubuntu.
         Starting User Manager for UID 1000...
[[0;32m  OK  [0m] Started Session 1 of user ubuntu.
         Starting Hold until boot process finishes up...
         Starting Terminate Plymouth Boot Screen...
[[0;32m  OK  [0m] Started User Manager for UID 1000.
[[0;32m  OK  [0m] Started LSB: VirtualBox Linux Additions.
[[0;32m  OK  [0m] Started LSB: Set the CPU Frequency Scaling governor to "ondemand".
[[0;32m  OK  [0m] Started LSB: daemon to balance interrupts for SMP systems.
[[0;32m  OK  [0m] Started LSB: automatic crash report generation.
[[0;32m  OK  [0m] Started Hold until boot process finishes up.
[[0;32m  OK  [0m] Started Terminate Plymouth Boot Screen.
[[0;32m  OK  [0m] Started Serial Getty on ttyS0.
[[0;32m  OK  [0m] Started Getty on tty1.
[[0;32m  OK  [0m] Reached target Login Prompts.
         Starting Set console scheme...
[[0;32m  OK  [0m] Started LSB: Apache2 web server.
[[0;32m  OK  [0m] Started Set console scheme.
[   81.695305] cloud-init[1228]: Cloud-init v. 0.7.8 running 'modules:config' at Fri, 24 Feb 2017 11:23:41 +0000. Up 81.50 seconds.
[[0;32m  OK  [0m] Started Apply the settings specified in cloud-config.
[[0;32m  OK  [0m] Started LSB: Start Tomcat..
[[0;32m  OK  [0m] Reached target Multi-User System.
         Starting Execute cloud user/final scripts...
[   87.324057] cloud-init[1540]: Cloud-init v. 0.7.8 running 'modules:final' at Fri, 24 Feb 2017 11:23:46 +0000. Up 87.09 seconds.
[   87.324434] cloud-init[1540]: Cloud-init v. 0.7.8 finished at Fri, 24 Feb 2017 11:23:47 +0000. Datasource DataSourceNoCloud [seed=/dev/sdb][dsmode=net].  Up 87.31 seconds

Ubuntu 16.04.2 LTS ubuntu-xenial ttyS0

ubuntu-xenial login: 